Archive member included to satisfy reference by file (symbol)

d:/clion_stm32/gcc-arm-none-eabi-10.3-2021.10/bin/../lib/gcc/arm-none-eabi/10.3.1/../../../../arm-none-eabi/lib/thumb/v7-m/nofp\libg.a(lib_a-errno.o)
                              CMakeFiles/F103OLED.elf.dir/Core/Src/syscalls.c.obj (__errno)
d:/clion_stm32/gcc-arm-none-eabi-10.3-2021.10/bin/../lib/gcc/arm-none-eabi/10.3.1/../../../../arm-none-eabi/lib/thumb/v7-m/nofp\libg.a(lib_a-exit.o)
                              d:/clion_stm32/gcc-arm-none-eabi-10.3-2021.10/bin/../lib/gcc/arm-none-eabi/10.3.1/../../../../arm-none-eabi/lib/thumb/v7-m/nofp/crt0.o (exit)
d:/clion_stm32/gcc-arm-none-eabi-10.3-2021.10/bin/../lib/gcc/arm-none-eabi/10.3.1/../../../../arm-none-eabi/lib/thumb/v7-m/nofp\libg.a(lib_a-impure.o)
                              d:/clion_stm32/gcc-arm-none-eabi-10.3-2021.10/bin/../lib/gcc/arm-none-eabi/10.3.1/../../../../arm-none-eabi/lib/thumb/v7-m/nofp\libg.a(lib_a-exit.o) (_global_impure_ptr)
d:/clion_stm32/gcc-arm-none-eabi-10.3-2021.10/bin/../lib/gcc/arm-none-eabi/10.3.1/../../../../arm-none-eabi/lib/thumb/v7-m/nofp\libg.a(lib_a-init.o)
                              d:/clion_stm32/gcc-arm-none-eabi-10.3-2021.10/bin/../lib/gcc/arm-none-eabi/10.3.1/../../../../arm-none-eabi/lib/thumb/v7-m/nofp/crt0.o (__libc_init_array)
d:/clion_stm32/gcc-arm-none-eabi-10.3-2021.10/bin/../lib/gcc/arm-none-eabi/10.3.1/../../../../arm-none-eabi/lib/thumb/v7-m/nofp\libg.a(lib_a-memcpy.o)
                              CMakeFiles/F103OLED.elf.dir/Middlewares/Third_Party/FreeRTOS/Source/CMSIS_RTOS_V2/cmsis_os2.c.obj (memcpy)
d:/clion_stm32/gcc-arm-none-eabi-10.3-2021.10/bin/../lib/gcc/arm-none-eabi/10.3.1/../../../../arm-none-eabi/lib/thumb/v7-m/nofp\libg.a(lib_a-memset.o)
                              d:/clion_stm32/gcc-arm-none-eabi-10.3-2021.10/bin/../lib/gcc/arm-none-eabi/10.3.1/../../../../arm-none-eabi/lib/thumb/v7-m/nofp/crt0.o (memset)
d:/clion_stm32/gcc-arm-none-eabi-10.3-2021.10/bin/../lib/gcc/arm-none-eabi/10.3.1/../../../../arm-none-eabi/lib/thumb/v7-m/nofp\libg.a(lib_a-__call_atexit.o)
                              d:/clion_stm32/gcc-arm-none-eabi-10.3-2021.10/bin/../lib/gcc/arm-none-eabi/10.3.1/../../../../arm-none-eabi/lib/thumb/v7-m/nofp\libg.a(lib_a-exit.o) (__call_exitprocs)
d:/clion_stm32/gcc-arm-none-eabi-10.3-2021.10/bin/../lib/gcc/arm-none-eabi/10.3.1/../../../../arm-none-eabi/lib/thumb/v7-m/nofp\libg.a(lib_a-atexit.o)
                              d:/clion_stm32/gcc-arm-none-eabi-10.3-2021.10/bin/../lib/gcc/arm-none-eabi/10.3.1/../../../../arm-none-eabi/lib/thumb/v7-m/nofp\libg.a(lib_a-__call_atexit.o) (atexit)
d:/clion_stm32/gcc-arm-none-eabi-10.3-2021.10/bin/../lib/gcc/arm-none-eabi/10.3.1/../../../../arm-none-eabi/lib/thumb/v7-m/nofp\libg.a(lib_a-fini.o)
                              d:/clion_stm32/gcc-arm-none-eabi-10.3-2021.10/bin/../lib/gcc/arm-none-eabi/10.3.1/../../../../arm-none-eabi/lib/thumb/v7-m/nofp\libg.a(lib_a-__call_atexit.o) (__libc_fini_array)
d:/clion_stm32/gcc-arm-none-eabi-10.3-2021.10/bin/../lib/gcc/arm-none-eabi/10.3.1/../../../../arm-none-eabi/lib/thumb/v7-m/nofp\libg.a(lib_a-lock.o)
                              d:/clion_stm32/gcc-arm-none-eabi-10.3-2021.10/bin/../lib/gcc/arm-none-eabi/10.3.1/../../../../arm-none-eabi/lib/thumb/v7-m/nofp\libg.a(lib_a-__call_atexit.o) (__retarget_lock_acquire_recursive)
d:/clion_stm32/gcc-arm-none-eabi-10.3-2021.10/bin/../lib/gcc/arm-none-eabi/10.3.1/../../../../arm-none-eabi/lib/thumb/v7-m/nofp\libg.a(lib_a-__atexit.o)
                              d:/clion_stm32/gcc-arm-none-eabi-10.3-2021.10/bin/../lib/gcc/arm-none-eabi/10.3.1/../../../../arm-none-eabi/lib/thumb/v7-m/nofp\libg.a(lib_a-atexit.o) (__register_exitproc)

Discarded input sections

 .text          0x00000000        0x0 d:/clion_stm32/gcc-arm-none-eabi-10.3-2021.10/bin/../lib/gcc/arm-none-eabi/10.3.1/thumb/v7-m/nofp/crti.o
 .data          0x00000000        0x0 d:/clion_stm32/gcc-arm-none-eabi-10.3-2021.10/bin/../lib/gcc/arm-none-eabi/10.3.1/thumb/v7-m/nofp/crti.o
 .bss           0x00000000        0x0 d:/clion_stm32/gcc-arm-none-eabi-10.3-2021.10/bin/../lib/gcc/arm-none-eabi/10.3.1/thumb/v7-m/nofp/crti.o
 .data          0x00000000        0x4 d:/clion_stm32/gcc-arm-none-eabi-10.3-2021.10/bin/../lib/gcc/arm-none-eabi/10.3.1/thumb/v7-m/nofp/crtbegin.o
 .rodata        0x00000000       0x24 d:/clion_stm32/gcc-arm-none-eabi-10.3-2021.10/bin/../lib/gcc/arm-none-eabi/10.3.1/thumb/v7-m/nofp/crtbegin.o
 .text          0x00000000       0x7c d:/clion_stm32/gcc-arm-none-eabi-10.3-2021.10/bin/../lib/gcc/arm-none-eabi/10.3.1/../../../../arm-none-eabi/lib/thumb/v7-m/nofp/crt0.o
 .data          0x00000000        0x0 d:/clion_stm32/gcc-arm-none-eabi-10.3-2021.10/bin/../lib/gcc/arm-none-eabi/10.3.1/../../../../arm-none-eabi/lib/thumb/v7-m/nofp/crt0.o
 .bss           0x00000000        0x0 d:/clion_stm32/gcc-arm-none-eabi-10.3-2021.10/bin/../lib/gcc/arm-none-eabi/10.3.1/../../../../arm-none-eabi/lib/thumb/v7-m/nofp/crt0.o
[...]
Memory Configuration

Name             Origin             Length             Attributes
RAM              0x20000000         0x00005000         xrw
FLASH            0x08000000         0x00010000         xr
*default*        0x00000000         0xffffffff

Linker script and memory map

LOAD d:/clion_stm32/gcc-arm-none-eabi-10.3-2021.10/bin/../lib/gcc/arm-none-eabi/10.3.1/thumb/v7-m/nofp/crti.o
LOAD d:/clion_stm32/gcc-arm-none-eabi-10.3-2021.10/bin/../lib/gcc/arm-none-eabi/10.3.1/thumb/v7-m/nofp/crtbegin.o
LOAD d:/clion_stm32/gcc-arm-none-eabi-10.3-2021.10/bin/../lib/gcc/arm-none-eabi/10.3.1/../../../../arm-none-eabi/lib/thumb/v7-m/nofp/crt0.o
LOAD CMakeFiles/F103OLED.elf.dir/Core/Src/freertos.c.obj
LOAD CMakeFiles/F103OLED.elf.dir/Core/Src/gpio.c.obj
LOAD CMakeFiles/F103OLED.elf.dir/Core/Src/main.c.obj
LOAD CMakeFiles/F103OLED.elf.dir/Core/Src/stm32f1xx_hal_msp.c.obj
LOAD CMakeFiles/F103OLED.elf.dir/Core/Src/stm32f1xx_hal_timebase_tim.c.obj
LOAD CMakeFiles/F103OLED.elf.dir/Core/Src/stm32f1xx_it.c.obj
LOAD CMakeFiles/F103OLED.elf.dir/Core/Src/syscalls.c.obj
LOAD CMakeFiles/F103OLED.elf.dir/Core/Src/system_stm32f1xx.c.obj
LOAD CMakeFiles/F103OLED.elf.dir/Drivers/STM32F1xx_HAL_Driver/Src/stm32f1xx_hal.c.obj
LOAD CMakeFiles/F103OLED.elf.dir/Drivers/STM32F1xx_HAL_Driver/Src/stm32f1xx_hal_cortex.c.obj
LOAD CMakeFiles/F103OLED.elf.dir/Drivers/STM32F1xx_HAL_Driver/Src/stm32f1xx_hal_dma.c.obj
LOAD CMakeFiles/F103OLED.elf.dir/Drivers/STM32F1xx_HAL_Driver/Src/stm32f1xx_hal_exti.c.obj
LOAD CMakeFiles/F103OLED.elf.dir/Drivers/STM32F1xx_HAL_Driver/Src/stm32f1xx_hal_flash.c.obj
LOAD CMakeFiles/F103OLED.elf.dir/Drivers/STM32F1xx_HAL_Driver/Src/stm32f1xx_hal_flash_ex.c.obj
LOAD CMakeFiles/F103OLED.elf.dir/Drivers/STM32F1xx_HAL_Driver/Src/stm32f1xx_hal_gpio.c.obj
LOAD CMakeFiles/F103OLED.elf.dir/Drivers/STM32F1xx_HAL_Driver/Src/stm32f1xx_hal_gpio_ex.c.obj
LOAD CMakeFiles/F103OLED.elf.dir/Drivers/STM32F1xx_HAL_Driver/Src/stm32f1xx_hal_pwr.c.obj
LOAD CMakeFiles/F103OLED.elf.dir/Drivers/STM32F1xx_HAL_Driver/Src/stm32f1xx_hal_rcc.c.obj
LOAD CMakeFiles/F103OLED.elf.dir/Drivers/STM32F1xx_HAL_Driver/Src/stm32f1xx_hal_rcc_ex.c.obj
LOAD CMakeFiles/F103OLED.elf.dir/Drivers/STM32F1xx_HAL_Driver/Src/stm32f1xx_hal_tim.c.obj
LOAD CMakeFiles/F103OLED.elf.dir/Drivers/STM32F1xx_HAL_Driver/Src/stm32f1xx_hal_tim_ex.c.obj
LOAD CMakeFiles/F103OLED.elf.dir/Middlewares/Third_Party/FreeRTOS/Source/CMSIS_RTOS_V2/cmsis_os2.c.obj
LOAD CMakeFiles/F103OLED.elf.dir/Middlewares/Third_Party/FreeRTOS/Source/croutine.c.obj
LOAD CMakeFiles/F103OLED.elf.dir/Middlewares/Third_Party/FreeRTOS/Source/event_groups.c.obj
LOAD CMakeFiles/F103OLED.elf.dir/Middlewares/Third_Party/FreeRTOS/Source/list.c.obj
LOAD CMakeFiles/F103OLED.elf.dir/Middlewares/Third_Party/FreeRTOS/Source/portable/GCC/ARM_CM3/port.c.obj
LOAD CMakeFiles/F103OLED.elf.dir/Middlewares/Third_Party/FreeRTOS/Source/portable/MemMang/heap_4.c.obj
LOAD CMakeFiles/F103OLED.elf.dir/Middlewares/Third_Party/FreeRTOS/Source/queue.c.obj
LOAD CMakeFiles/F103OLED.elf.dir/Middlewares/Third_Party/FreeRTOS/Source/stream_buffer.c.obj
LOAD CMakeFiles/F103OLED.elf.dir/Middlewares/Third_Party/FreeRTOS/Source/tasks.c.obj
LOAD CMakeFiles/F103OLED.elf.dir/Middlewares/Third_Party/FreeRTOS/Source/timers.c.obj
LOAD CMakeFiles/F103OLED.elf.dir/OLED/oled.c.obj
LOAD CMakeFiles/F103OLED.elf.dir/startup/startup_stm32f103xb.s.obj
LOAD CMakeFiles/F103OLED.elf.dir/u8g2/mui.c.obj
LOAD CMakeFiles/F103OLED.elf.dir/u8g2/mui_u8g2.c.obj
LOAD CMakeFiles/F103OLED.elf.dir/u8g2/u8g2_arc.c.obj
LOAD CMakeFiles/F103OLED.elf.dir/u8g2/u8g2_bitmap.c.obj
LOAD CMakeFiles/F103OLED.elf.dir/u8g2/u8g2_box.c.obj
LOAD CMakeFiles/F103OLED.elf.dir/u8g2/u8g2_buffer.c.obj
LOAD CMakeFiles/F103OLED.elf.dir/u8g2/u8g2_button.c.obj
LOAD CMakeFiles/F103OLED.elf.dir/u8g2/u8g2_circle.c.obj
LOAD CMakeFiles/F103OLED.elf.dir/u8g2/u8g2_cleardisplay.c.obj
LOAD CMakeFiles/F103OLED.elf.dir/u8g2/u8g2_d_memory.c.obj
LOAD CMakeFiles/F103OLED.elf.dir/u8g2/u8g2_d_setup.c.obj
LOAD CMakeFiles/F103OLED.elf.dir/u8g2/u8g2_font.c.obj
LOAD CMakeFiles/F103OLED.elf.dir/u8g2/u8g2_fonts.c.obj
LOAD CMakeFiles/F103OLED.elf.dir/u8g2/u8g2_hvline.c.obj
LOAD CMakeFiles/F103OLED.elf.dir/u8g2/u8g2_input_value.c.obj
LOAD CMakeFiles/F103OLED.elf.dir/u8g2/u8g2_intersection.c.obj
LOAD CMakeFiles/F103OLED.elf.dir/u8g2/u8g2_kerning.c.obj
LOAD CMakeFiles/F103OLED.elf.dir/u8g2/u8g2_line.c.obj
LOAD CMakeFiles/F103OLED.elf.dir/u8g2/u8g2_ll_hvline.c.obj
LOAD CMakeFiles/F103OLED.elf.dir/u8g2/u8g2_message.c.obj
LOAD CMakeFiles/F103OLED.elf.dir/u8g2/u8g2_polygon.c.obj
LOAD CMakeFiles/F103OLED.elf.dir/u8g2/u8g2_selection_list.c.obj
LOAD CMakeFiles/F103OLED.elf.dir/u8g2/u8g2_setup.c.obj
LOAD CMakeFiles/F103OLED.elf.dir/u8g2/u8log.c.obj
LOAD CMakeFiles/F103OLED.elf.dir/u8g2/u8log_u8g2.c.obj
LOAD CMakeFiles/F103OLED.elf.dir/u8g2/u8log_u8x8.c.obj
LOAD CMakeFiles/F103OLED.elf.dir/u8g2/u8x8_8x8.c.obj
LOAD CMakeFiles/F103OLED.elf.dir/u8g2/u8x8_byte.c.obj
LOAD CMakeFiles/F103OLED.elf.dir/u8g2/u8x8_cad.c.obj
LOAD CMakeFiles/F103OLED.elf.dir/u8g2/u8x8_capture.c.obj
LOAD CMakeFiles/F103OLED.elf.dir/u8g2/u8x8_d_ssd1306_128x64_noname.c.obj
LOAD CMakeFiles/F103OLED.elf.dir/u8g2/u8x8_debounce.c.obj
LOAD CMakeFiles/F103OLED.elf.dir/u8g2/u8x8_display.c.obj
LOAD CMakeFiles/F103OLED.elf.dir/u8g2/u8x8_fonts.c.obj
LOAD CMakeFiles/F103OLED.elf.dir/u8g2/u8x8_gpio.c.obj
LOAD CMakeFiles/F103OLED.elf.dir/u8g2/u8x8_input_value.c.obj
LOAD CMakeFiles/F103OLED.elf.dir/u8g2/u8x8_message.c.obj
LOAD CMakeFiles/F103OLED.elf.dir/u8g2/u8x8_selection_list.c.obj
LOAD CMakeFiles/F103OLED.elf.dir/u8g2/u8x8_setup.c.obj
LOAD CMakeFiles/F103OLED.elf.dir/u8g2/u8x8_string.c.obj
LOAD CMakeFiles/F103OLED.elf.dir/u8g2/u8x8_u16toa.c.obj
LOAD CMakeFiles/F103OLED.elf.dir/u8g2/u8x8_u8toa.c.obj
START GROUP
LOAD d:/clion_stm32/gcc-arm-none-eabi-10.3-2021.10/bin/../lib/gcc/arm-none-eabi/10.3.1/thumb/v7-m/nofp\libgcc.a
LOAD d:/clion_stm32/gcc-arm-none-eabi-10.3-2021.10/bin/../lib/gcc/arm-none-eabi/10.3.1/../../../../arm-none-eabi/lib/thumb/v7-m/nofp\libg.a
LOAD d:/clion_stm32/gcc-arm-none-eabi-10.3-2021.10/bin/../lib/gcc/arm-none-eabi/10.3.1/../../../../arm-none-eabi/lib/thumb/v7-m/nofp\libc.a
END GROUP
LOAD d:/clion_stm32/gcc-arm-none-eabi-10.3-2021.10/bin/../lib/gcc/arm-none-eabi/10.3.1/thumb/v7-m/nofp/crtend.o
LOAD d:/clion_stm32/gcc-arm-none-eabi-10.3-2021.10/bin/../lib/gcc/arm-none-eabi/10.3.1/thumb/v7-m/nofp/crtn.o
                0x20005000                _estack = 0x20005000
                0x00000200                _Min_Heap_Size = 0x200
                0x00000400                _Min_Stack_Size = 0x400

.isr_vector     0x08000000      0x10c
                0x08000000                . = ALIGN (0x4)
 *(.isr_vector)
 .isr_vector    0x08000000      0x10c CMakeFiles/F103OLED.elf.dir/startup/startup_stm32f103xb.s.obj
                0x08000000                g_pfnVectors
                0x0800010c                . = ALIGN (0x4)

.text           0x08000110     0x4454
                0x08000110                . = ALIGN (0x4)
 *(.text)
 .text          0x08000110       0x40 d:/clion_stm32/gcc-arm-none-eabi-10.3-2021.10/bin/../lib/gcc/arm-none-eabi/10.3.1/thumb/v7-m/nofp/crtbegin.o
 .text          0x08000150       0xec d:/clion_stm32/gcc-arm-none-eabi-10.3-2021.10/bin/../lib/gcc/arm-none-eabi/10.3.1/../../../../arm-none-eabi/lib/thumb/v7-m/nofp\libg.a(lib_a-memcpy.o)
                0x08000150                memcpy
 *(.text*)
 .text.StartTask02
                0x0800023c       0x1c CMakeFiles/F103OLED.elf.dir/Core/Src/freertos.c.obj
                0x0800023c                StartTask02
 .text.my_u8g2_init
                0x08000258       0x80 CMakeFiles/F103OLED.elf.dir/Core/Src/freertos.c.obj
                0x08000258                my_u8g2_init
 .text.StartDefaultTask
                0x080002d8       0xa4 CMakeFiles/F103OLED.elf.dir/Core/Src/freertos.c.obj
                0x080002d8                StartDefaultTask
 .text.MX_FREERTOS_Init
                0x0800037c       0x38 CMakeFiles/F103OLED.elf.dir/Core/Src/freertos.c.obj
                0x0800037c                MX_FREERTOS_Init
 .text.MX_GPIO_Init
                0x080003b4       0xb0 CMakeFiles/F103OLED.elf.dir/Core/Src/gpio.c.obj
                0x080003b4                MX_GPIO_Init
 .text.HAL_TIM_PeriodElapsedCallback
                0x08000464       0x12 CMakeFiles/F103OLED.elf.dir/Core/Src/main.c.obj
                0x08000464                HAL_TIM_PeriodElapsedCallback
 .text.Error_Handler
                0x08000476        0x4 CMakeFiles/F103OLED.elf.dir/Core/Src/main.c.obj
                0x08000476                Error_Handler
 .text.SystemClock_Config
                0x0800047a       0x64 CMakeFiles/F103OLED.elf.dir/Core/Src/main.c.obj
                0x0800047a                SystemClock_Config
 .text.main     0x080004de       0x1c CMakeFiles/F103OLED.elf.dir/Core/Src/main.c.obj
                0x080004de                main
 *fill*         0x080004fa        0x2 
 .text.HAL_MspInit
                0x080004fc       0x54 CMakeFiles/F103OLED.elf.dir/Core/Src/stm32f1xx_hal_msp.c.obj
                0x080004fc                HAL_MspInit
 .text.HAL_InitTick
                0x08000550       0x78 CMakeFiles/F103OLED.elf.dir/Core/Src/stm32f1xx_hal_timebase_tim.c.obj
                0x08000550                HAL_InitTick
 .text.NMI_Handler
                0x080005c8        0x2 CMakeFiles/F103OLED.elf.dir/Core/Src/stm32f1xx_it.c.obj
                0x080005c8                NMI_Handler
 .text.HardFault_Handler
                0x080005ca        0x2 CMakeFiles/F103OLED.elf.dir/Core/Src/stm32f1xx_it.c.obj
                0x080005ca                HardFault_Handler
 .text.MemManage_Handler
                0x080005cc        0x2 CMakeFiles/F103OLED.elf.dir/Core/Src/stm32f1xx_it.c.obj
                0x080005cc                MemManage_Handler
 .text.BusFault_Handler
                0x080005ce        0x2 CMakeFiles/F103OLED.elf.dir/Core/Src/stm32f1xx_it.c.obj
                0x080005ce                BusFault_Handler
 .text.UsageFault_Handler
                0x080005d0        0x2 CMakeFiles/F103OLED.elf.dir/Core/Src/stm32f1xx_it.c.obj
                0x080005d0                UsageFault_Handler
 .text.DebugMon_Handler
                0x080005d2        0x2 CMakeFiles/F103OLED.elf.dir/Core/Src/stm32f1xx_it.c.obj
                0x080005d2                DebugMon_Handler
 .text.TIM2_IRQHandler
                0x080005d4       0x10 CMakeFiles/F103OLED.elf.dir/Core/Src/stm32f1xx_it.c.obj
                0x080005d4                TIM2_IRQHandler
 .text.SystemInit
                0x080005e4        0x2 CMakeFiles/F103OLED.elf.dir/Core/Src/system_stm32f1xx.c.obj
                0x080005e4                SystemInit
 *fill*         0x080005e6        0x2 
 .text.HAL_Init
                0x080005e8       0x24 CMakeFiles/F103OLED.elf.dir/Drivers/STM32F1xx_HAL_Driver/Src/stm32f1xx_hal.c.obj
                0x080005e8                HAL_Init
 .text.HAL_IncTick
                0x0800060c       0x18 CMakeFiles/F103OLED.elf.dir/Drivers/STM32F1xx_HAL_Driver/Src/stm32f1xx_hal.c.obj
                0x0800060c                HAL_IncTick
 .text.HAL_GetTick
                0x08000624        0xc CMakeFiles/F103OLED.elf.dir/Drivers/STM32F1xx_HAL_Driver/Src/stm32f1xx_hal.c.obj
                0x08000624                HAL_GetTick
 .text.HAL_Delay
                0x08000630       0x28 CMakeFiles/F103OLED.elf.dir/Drivers/STM32F1xx_HAL_Driver/Src/stm32f1xx_hal.c.obj
                0x08000630                HAL_Delay
 .text.HAL_NVIC_SetPriorityGrouping
                0x08000658       0x24 CMakeFiles/F103OLED.elf.dir/Drivers/STM32F1xx_HAL_Driver/Src/stm32f1xx_hal_cortex.c.obj
                0x08000658                HAL_NVIC_SetPriorityGrouping
 .text.HAL_NVIC_SetPriority
                0x0800067c       0x70 CMakeFiles/F103OLED.elf.dir/Drivers/STM32F1xx_HAL_Driver/Src/stm32f1xx_hal_cortex.c.obj
                0x0800067c                HAL_NVIC_SetPriority
 .text.HAL_NVIC_EnableIRQ
                0x080006ec       0x1c CMakeFiles/F103OLED.elf.dir/Drivers/STM32F1xx_HAL_Driver/Src/stm32f1xx_hal_cortex.c.obj
                0x080006ec                HAL_NVIC_EnableIRQ
 .text.HAL_GPIO_Init
                0x08000708      0x224 CMakeFiles/F103OLED.elf.dir/Drivers/STM32F1xx_HAL_Driver/Src/stm32f1xx_hal_gpio.c.obj
                0x08000708                HAL_GPIO_Init
 .text.HAL_GPIO_WritePin
                0x0800092c        0xc CMakeFiles/F103OLED.elf.dir/Drivers/STM32F1xx_HAL_Driver/Src/stm32f1xx_hal_gpio.c.obj
                0x0800092c                HAL_GPIO_WritePin
 .text.RCC_Delay
                0x08000938       0x2c CMakeFiles/F103OLED.elf.dir/Drivers/STM32F1xx_HAL_Driver/Src/stm32f1xx_hal_rcc.c.obj
 .text.HAL_RCC_OscConfig
                0x08000964      0x410 CMakeFiles/F103OLED.elf.dir/Drivers/STM32F1xx_HAL_Driver/Src/stm32f1xx_hal_rcc.c.obj
                0x08000964                HAL_RCC_OscConfig
 .text.HAL_RCC_GetSysClockFreq
                0x08000d74       0x54 CMakeFiles/F103OLED.elf.dir/Drivers/STM32F1xx_HAL_Driver/Src/stm32f1xx_hal_rcc.c.obj
                0x08000d74                HAL_RCC_GetSysClockFreq
 .text.HAL_RCC_ClockConfig
                0x08000dc8      0x16c CMakeFiles/F103OLED.elf.dir/Drivers/STM32F1xx_HAL_Driver/Src/stm32f1xx_hal_rcc.c.obj
                0x08000dc8                HAL_RCC_ClockConfig
 .text.HAL_RCC_GetHCLKFreq
                0x08000f34        0xc CMakeFiles/F103OLED.elf.dir/Drivers/STM32F1xx_HAL_Driver/Src/stm32f1xx_hal_rcc.c.obj
                0x08000f34                HAL_RCC_GetHCLKFreq
 .text.HAL_RCC_GetPCLK1Freq
                0x08000f40       0x20 CMakeFiles/F103OLED.elf.dir/Drivers/STM32F1xx_HAL_Driver/Src/stm32f1xx_hal_rcc.c.obj
                0x08000f40                HAL_RCC_GetPCLK1Freq
 .text.HAL_RCC_GetClockConfig
                0x08000f60       0x3c CMakeFiles/F103OLED.elf.dir/Drivers/STM32F1xx_HAL_Driver/Src/stm32f1xx_hal_rcc.c.obj
                0x08000f60                HAL_RCC_GetClockConfig
 .text.HAL_TIM_Base_MspInit
                0x08000f9c        0x2 CMakeFiles/F103OLED.elf.dir/Drivers/STM32F1xx_HAL_Driver/Src/stm32f1xx_hal_tim.c.obj
                0x08000f9c                HAL_TIM_Base_MspInit
 *fill*         0x08000f9e        0x2 
 .text.HAL_TIM_Base_Start_IT
                0x08000fa0       0x68 CMakeFiles/F103OLED.elf.dir/Drivers/STM32F1xx_HAL_Driver/Src/stm32f1xx_hal_tim.c.obj
                0x08000fa0                HAL_TIM_Base_Start_IT
 .text.HAL_TIM_OC_DelayElapsedCallback
                0x08001008        0x2 CMakeFiles/F103OLED.elf.dir/Drivers/STM32F1xx_HAL_Driver/Src/stm32f1xx_hal_tim.c.obj
                0x08001008                HAL_TIM_OC_DelayElapsedCallback
 .text.HAL_TIM_IC_CaptureCallback
                0x0800100a        0x2 CMakeFiles/F103OLED.elf.dir/Drivers/STM32F1xx_HAL_Driver/Src/stm32f1xx_hal_tim.c.obj
                0x0800100a                HAL_TIM_IC_CaptureCallback
 .text.HAL_TIM_PWM_PulseFinishedCallback
                0x0800100c        0x2 CMakeFiles/F103OLED.elf.dir/Drivers/STM32F1xx_HAL_Driver/Src/stm32f1xx_hal_tim.c.obj
                0x0800100c                HAL_TIM_PWM_PulseFinishedCallback
 .text.HAL_TIM_TriggerCallback
                0x0800100e        0x2 CMakeFiles/F103OLED.elf.dir/Drivers/STM32F1xx_HAL_Driver/Src/stm32f1xx_hal_tim.c.obj
                0x0800100e                HAL_TIM_TriggerCallback
 .text.HAL_TIM_IRQHandler
                0x08001010      0x17a CMakeFiles/F103OLED.elf.dir/Drivers/STM32F1xx_HAL_Driver/Src/stm32f1xx_hal_tim.c.obj
                0x08001010                HAL_TIM_IRQHandler
 *fill*         0x0800118a        0x2 
 .text.TIM_Base_SetConfig
                0x0800118c       0x74 CMakeFiles/F103OLED.elf.dir/Drivers/STM32F1xx_HAL_Driver/Src/stm32f1xx_hal_tim.c.obj
                0x0800118c                TIM_Base_SetConfig
 .text.HAL_TIM_Base_Init
                0x08001200       0x58 CMakeFiles/F103OLED.elf.dir/Drivers/STM32F1xx_HAL_Driver/Src/stm32f1xx_hal_tim.c.obj
                0x08001200                HAL_TIM_Base_Init
 .text.HAL_TIMEx_CommutCallback
                0x08001258        0x2 CMakeFiles/F103OLED.elf.dir/Drivers/STM32F1xx_HAL_Driver/Src/stm32f1xx_hal_tim_ex.c.obj
                0x08001258                HAL_TIMEx_CommutCallback
 .text.HAL_TIMEx_BreakCallback
                0x0800125a        0x2 CMakeFiles/F103OLED.elf.dir/Drivers/STM32F1xx_HAL_Driver/Src/stm32f1xx_hal_tim_ex.c.obj
                0x0800125a                HAL_TIMEx_BreakCallback
 .text.osKernelInitialize
                0x0800125c       0x44 CMakeFiles/F103OLED.elf.dir/Middlewares/Third_Party/FreeRTOS/Source/CMSIS_RTOS_V2/cmsis_os2.c.obj
                0x0800125c                osKernelInitialize
 .text.osKernelStart
                0x080012a0       0x4c CMakeFiles/F103OLED.elf.dir/Middlewares/Third_Party/FreeRTOS/Source/CMSIS_RTOS_V2/cmsis_os2.c.obj
                0x080012a0                osKernelStart
 .text.osThreadNew
                0x080012ec       0xec CMakeFiles/F103OLED.elf.dir/Middlewares/Third_Party/FreeRTOS/Source/CMSIS_RTOS_V2/cmsis_os2.c.obj
                0x080012ec                osThreadNew
 .text.osDelay  0x080013d8       0x44 CMakeFiles/F103OLED.elf.dir/Middlewares/Third_Party/FreeRTOS/Source/CMSIS_RTOS_V2/cmsis_os2.c.obj
                0x080013d8                osDelay
 .text.vApplicationGetIdleTaskMemory
                0x0800141c       0x18 CMakeFiles/F103OLED.elf.dir/Middlewares/Third_Party/FreeRTOS/Source/CMSIS_RTOS_V2/cmsis_os2.c.obj
                0x0800141c                vApplicationGetIdleTaskMemory
 .text.vApplicationGetTimerTaskMemory
                0x08001434       0x18 CMakeFiles/F103OLED.elf.dir/Middlewares/Third_Party/FreeRTOS/Source/CMSIS_RTOS_V2/cmsis_os2.c.obj
                0x08001434                vApplicationGetTimerTaskMemory
 .text.vListInitialise
                0x0800144c       0x16 CMakeFiles/F103OLED.elf.dir/Middlewares/Third_Party/FreeRTOS/Source/list.c.obj
                0x0800144c                vListInitialise
 .text.vListInitialiseItem
                0x08001462        0x6 CMakeFiles/F103OLED.elf.dir/Middlewares/Third_Party/FreeRTOS/Source/list.c.obj
                0x08001462                vListInitialiseItem
 .text.vListInsertEnd
                0x08001468       0x16 CMakeFiles/F103OLED.elf.dir/Middlewares/Third_Party/FreeRTOS/Source/list.c.obj
                0x08001468                vListInsertEnd
 .text.vListInsert
                0x0800147e       0x32 CMakeFiles/F103OLED.elf.dir/Middlewares/Third_Party/FreeRTOS/Source/list.c.obj
                0x0800147e                vListInsert
 .text.uxListRemove
                0x080014b0       0x26 CMakeFiles/F103OLED.elf.dir/Middlewares/Third_Party/FreeRTOS/Source/list.c.obj
                0x080014b0                uxListRemove
 *fill*         0x080014d6        0x2 
 .text.prvTaskExitError
                0x080014d8       0x40 CMakeFiles/F103OLED.elf.dir/Middlewares/Third_Party/FreeRTOS/Source/portable/GCC/ARM_CM3/port.c.obj
 .text.prvPortStartFirstTask
                0x08001518       0x20 CMakeFiles/F103OLED.elf.dir/Middlewares/Third_Party/FreeRTOS/Source/portable/GCC/ARM_CM3/port.c.obj
 .text.pxPortInitialiseStack
                0x08001538       0x24 CMakeFiles/F103OLED.elf.dir/Middlewares/Third_Party/FreeRTOS/Source/portable/GCC/ARM_CM3/port.c.obj
                0x08001538                pxPortInitialiseStack
 *fill*         0x0800155c        0x4 
 .text.SVC_Handler
                0x08001560       0x24 CMakeFiles/F103OLED.elf.dir/Middlewares/Third_Party/FreeRTOS/Source/portable/GCC/ARM_CM3/port.c.obj
                0x08001560                SVC_Handler
 .text.vPortEnterCritical
                0x08001584       0x44 CMakeFiles/F103OLED.elf.dir/Middlewares/Third_Party/FreeRTOS/Source/portable/GCC/ARM_CM3/port.c.obj
                0x08001584                vPortEnterCritical
 .text.vPortExitCritical
                0x080015c8       0x2c CMakeFiles/F103OLED.elf.dir/Middlewares/Third_Party/FreeRTOS/Source/portable/GCC/ARM_CM3/port.c.obj
                0x080015c8                vPortExitCritical
 *fill*         0x080015f4        0xc 
 .text.PendSV_Handler
                0x08001600       0x44 CMakeFiles/F103OLED.elf.dir/Middlewares/Third_Party/FreeRTOS/Source/portable/GCC/ARM_CM3/port.c.obj
                0x08001600                PendSV_Handler
 .text.SysTick_Handler
                0x08001644       0x2c CMakeFiles/F103OLED.elf.dir/Middlewares/Third_Party/FreeRTOS/Source/portable/GCC/ARM_CM3/port.c.obj
                0x08001644                SysTick_Handler
 .text.vPortSetupTimerInterrupt
                0x08001670       0x28 CMakeFiles/F103OLED.elf.dir/Middlewares/Third_Party/FreeRTOS/Source/portable/GCC/ARM_CM3/port.c.obj
                0x08001670                vPortSetupTimerInterrupt
 .text.xPortStartScheduler
                0x08001698       0xc0 CMakeFiles/F103OLED.elf.dir/Middlewares/Third_Party/FreeRTOS/Source/portable/GCC/ARM_CM3/port.c.obj
                0x08001698                xPortStartScheduler
 .text.vPortValidateInterruptPriority
                0x08001758       0x5c CMakeFiles/F103OLED.elf.dir/Middlewares/Third_Party/FreeRTOS/Source/portable/GCC/ARM_CM3/port.c.obj
                0x08001758                vPortValidateInterruptPriority
 .text.prvHeapInit
                0x080017b4       0x64 CMakeFiles/F103OLED.elf.dir/Middlewares/Third_Party/FreeRTOS/Source/portable/MemMang/heap_4.c.obj
 .text.prvInsertBlockIntoFreeList
                0x08001818       0x60 CMakeFiles/F103OLED.elf.dir/Middlewares/Third_Party/FreeRTOS/Source/portable/MemMang/heap_4.c.obj
 .text.pvPortMalloc
                0x08001878       0xf0 CMakeFiles/F103OLED.elf.dir/Middlewares/Third_Party/FreeRTOS/Source/portable/MemMang/heap_4.c.obj
                0x08001878                pvPortMalloc
 .text.vPortFree
                0x08001968       0x70 CMakeFiles/F103OLED.elf.dir/Middlewares/Third_Party/FreeRTOS/Source/portable/MemMang/heap_4.c.obj
                0x08001968                vPortFree
 .text.prvIsQueueFull
                0x080019d8       0x1e CMakeFiles/F103OLED.elf.dir/Middlewares/Third_Party/FreeRTOS/Source/queue.c.obj
 .text.prvIsQueueEmpty
                0x080019f6       0x1a CMakeFiles/F103OLED.elf.dir/Middlewares/Third_Party/FreeRTOS/Source/queue.c.obj
 .text.prvCopyDataToQueue
                0x08001a10       0x76 CMakeFiles/F103OLED.elf.dir/Middlewares/Third_Party/FreeRTOS/Source/queue.c.obj
 .text.prvCopyDataFromQueue
                0x08001a86       0x24 CMakeFiles/F103OLED.elf.dir/Middlewares/Third_Party/FreeRTOS/Source/queue.c.obj
 .text.prvUnlockQueue
                0x08001aaa       0x6e CMakeFiles/F103OLED.elf.dir/Middlewares/Third_Party/FreeRTOS/Source/queue.c.obj
 .text.xQueueGenericReset
                0x08001b18       0x84 CMakeFiles/F103OLED.elf.dir/Middlewares/Third_Party/FreeRTOS/Source/queue.c.obj
                0x08001b18                xQueueGenericReset
 .text.prvInitialiseNewQueue
                0x08001b9c       0x22 CMakeFiles/F103OLED.elf.dir/Middlewares/Third_Party/FreeRTOS/Source/queue.c.obj
 .text.xQueueGenericCreateStatic
                0x08001bbe       0x92 CMakeFiles/F103OLED.elf.dir/Middlewares/Third_Party/FreeRTOS/Source/queue.c.obj
                0x08001bbe                xQueueGenericCreateStatic
 .text.xQueueGenericSend
                0x08001c50      0x188 CMakeFiles/F103OLED.elf.dir/Middlewares/Third_Party/FreeRTOS/Source/queue.c.obj
                0x08001c50                xQueueGenericSend
 .text.xQueueGenericSendFromISR
                0x08001dd8       0xcc CMakeFiles/F103OLED.elf.dir/Middlewares/Third_Party/FreeRTOS/Source/queue.c.obj
                0x08001dd8                xQueueGenericSendFromISR
 .text.xQueueReceive
                0x08001ea4      0x15e CMakeFiles/F103OLED.elf.dir/Middlewares/Third_Party/FreeRTOS/Source/queue.c.obj
                0x08001ea4                xQueueReceive
 *fill*         0x08002002        0x2 
 .text.vQueueAddToRegistry
                0x08002004       0x28 CMakeFiles/F103OLED.elf.dir/Middlewares/Third_Party/FreeRTOS/Source/queue.c.obj
                0x08002004                vQueueAddToRegistry
 .text.vQueueWaitForMessageRestricted
                0x0800202c       0x52 CMakeFiles/F103OLED.elf.dir/Middlewares/Third_Party/FreeRTOS/Source/queue.c.obj
                0x0800202c                vQueueWaitForMessageRestricted
 *fill*         0x0800207e        0x2 
 .text.prvResetNextTaskUnblockTime
                0x08002080       0x2c CMakeFiles/F103OLED.elf.dir/Middlewares/Third_Party/FreeRTOS/Source/tasks.c.obj
 .text.prvInitialiseNewTask
                0x080020ac       0x9c CMakeFiles/F103OLED.elf.dir/Middlewares/Third_Party/FreeRTOS/Source/tasks.c.obj
 .text.prvInitialiseTaskLists
                0x08002148       0x68 CMakeFiles/F103OLED.elf.dir/Middlewares/Third_Party/FreeRTOS/Source/tasks.c.obj
 .text.prvAddNewTaskToReadyList
                0x080021b0       0xac CMakeFiles/F103OLED.elf.dir/Middlewares/Third_Party/FreeRTOS/Source/tasks.c.obj
 .text.prvDeleteTCB
                0x0800225c       0x38 CMakeFiles/F103OLED.elf.dir/Middlewares/Third_Party/FreeRTOS/Source/tasks.c.obj
 .text.prvCheckTasksWaitingTermination
                0x08002294       0x4c CMakeFiles/F103OLED.elf.dir/Middlewares/Third_Party/FreeRTOS/Source/tasks.c.obj
 .text.prvIdleTask
                0x080022e0       0x28 CMakeFiles/F103OLED.elf.dir/Middlewares/Third_Party/FreeRTOS/Source/tasks.c.obj
 .text.prvAddCurrentTaskToDelayedList
                0x08002308       0x7c CMakeFiles/F103OLED.elf.dir/Middlewares/Third_Party/FreeRTOS/Source/tasks.c.obj
 .text.xTaskCreateStatic
                0x08002384       0x74 CMakeFiles/F103OLED.elf.dir/Middlewares/Third_Party/FreeRTOS/Source/tasks.c.obj
                0x08002384                xTaskCreateStatic
 .text.xTaskCreate
                0x080023f8       0x68 CMakeFiles/F103OLED.elf.dir/Middlewares/Third_Party/FreeRTOS/Source/tasks.c.obj
                0x080023f8                xTaskCreate
 .text.vTaskStartScheduler
                0x08002460       0x9c CMakeFiles/F103OLED.elf.dir/Middlewares/Third_Party/FreeRTOS/Source/tasks.c.obj
                0x08002460                vTaskStartScheduler
 .text.vTaskSuspendAll
                0x080024fc       0x10 CMakeFiles/F103OLED.elf.dir/Middlewares/Third_Party/FreeRTOS/Source/tasks.c.obj
                0x080024fc                vTaskSuspendAll
 .text.xTaskGetTickCount
                0x0800250c        0xc CMakeFiles/F103OLED.elf.dir/Middlewares/Third_Party/FreeRTOS/Source/tasks.c.obj
                0x0800250c                xTaskGetTickCount
 .text.xTaskIncrementTick
                0x08002518      0x118 CMakeFiles/F103OLED.elf.dir/Middlewares/Third_Party/FreeRTOS/Source/tasks.c.obj
                0x08002518                xTaskIncrementTick
 .text.xTaskResumeAll
                0x08002630       0xf8 CMakeFiles/F103OLED.elf.dir/Middlewares/Third_Party/FreeRTOS/Source/tasks.c.obj
                0x08002630                xTaskResumeAll
 .text.vTaskDelay
                0x08002728       0x4c CMakeFiles/F103OLED.elf.dir/Middlewares/Third_Party/FreeRTOS/Source/tasks.c.obj
                0x08002728                vTaskDelay
 .text.vTaskSwitchContext
                0x08002774       0x94 CMakeFiles/F103OLED.elf.dir/Middlewares/Third_Party/FreeRTOS/Source/tasks.c.obj
                0x08002774                vTaskSwitchContext
 .text.vTaskPlaceOnEventList
                0x08002808       0x30 CMakeFiles/F103OLED.elf.dir/Middlewares/Third_Party/FreeRTOS/Source/tasks.c.obj
                0x08002808                vTaskPlaceOnEventList
 .text.vTaskPlaceOnEventListRestricted
                0x08002838       0x38 CMakeFiles/F103OLED.elf.dir/Middlewares/Third_Party/FreeRTOS/Source/tasks.c.obj
                0x08002838                vTaskPlaceOnEventListRestricted
 .text.xTaskRemoveFromEventList
                0x08002870       0x8c CMakeFiles/F103OLED.elf.dir/Middlewares/Third_Party/FreeRTOS/Source/tasks.c.obj
                0x08002870                xTaskRemoveFromEventList
 .text.vTaskInternalSetTimeOutState
                0x080028fc       0x18 CMakeFiles/F103OLED.elf.dir/Middlewares/Third_Party/FreeRTOS/Source/tasks.c.obj
                0x080028fc                vTaskInternalSetTimeOutState
 .text.xTaskCheckForTimeOut
                0x08002914       0x84 CMakeFiles/F103OLED.elf.dir/Middlewares/Third_Party/FreeRTOS/Source/tasks.c.obj
                0x08002914                xTaskCheckForTimeOut
 .text.vTaskMissedYield
                0x08002998        0xc CMakeFiles/F103OLED.elf.dir/Middlewares/Third_Party/FreeRTOS/Source/tasks.c.obj
                0x08002998                vTaskMissedYield
 .text.xTaskGetSchedulerState
                0x080029a4       0x20 CMakeFiles/F103OLED.elf.dir/Middlewares/Third_Party/FreeRTOS/Source/tasks.c.obj
                0x080029a4                xTaskGetSchedulerState
 .text.xTaskPriorityDisinherit
                0x080029c4       0x90 CMakeFiles/F103OLED.elf.dir/Middlewares/Third_Party/FreeRTOS/Source/tasks.c.obj
                0x080029c4                xTaskPriorityDisinherit
 .text.prvGetNextExpireTime
                0x08002a54       0x20 CMakeFiles/F103OLED.elf.dir/Middlewares/Third_Party/FreeRTOS/Source/timers.c.obj
 .text.prvInsertTimerInActiveList
                0x08002a74       0x48 CMakeFiles/F103OLED.elf.dir/Middlewares/Third_Party/FreeRTOS/Source/timers.c.obj
 .text.prvCheckForValidListAndQueue
                0x08002abc       0x70 CMakeFiles/F103OLED.elf.dir/Middlewares/Third_Party/FreeRTOS/Source/timers.c.obj
 .text.xTimerCreateTimerTask
                0x08002b2c       0x64 CMakeFiles/F103OLED.elf.dir/Middlewares/Third_Party/FreeRTOS/Source/timers.c.obj
                0x08002b2c                xTimerCreateTimerTask
 .text.xTimerGenericCommand
                0x08002b90       0x6c CMakeFiles/F103OLED.elf.dir/Middlewares/Third_Party/FreeRTOS/Source/timers.c.obj
                0x08002b90                xTimerGenericCommand
 .text.prvSwitchTimerLists
                0x08002bfc       0x78 CMakeFiles/F103OLED.elf.dir/Middlewares/Third_Party/FreeRTOS/Source/timers.c.obj
 .text.prvSampleTimeNow
                0x08002c74       0x2c CMakeFiles/F103OLED.elf.dir/Middlewares/Third_Party/FreeRTOS/Source/timers.c.obj
 .text.prvProcessExpiredTimer
                0x08002ca0       0x60 CMakeFiles/F103OLED.elf.dir/Middlewares/Third_Party/FreeRTOS/Source/timers.c.obj
 .text.prvProcessTimerOrBlockTask
                0x08002d00       0x74 CMakeFiles/F103OLED.elf.dir/Middlewares/Third_Party/FreeRTOS/Source/timers.c.obj
 .text.prvProcessReceivedCommands
                0x08002d74       0xf8 CMakeFiles/F103OLED.elf.dir/Middlewares/Third_Party/FreeRTOS/Source/timers.c.obj
 .text.prvTimerTask
                0x08002e6c       0x16 CMakeFiles/F103OLED.elf.dir/Middlewares/Third_Party/FreeRTOS/Source/timers.c.obj
 *fill*         0x08002e82        0x2 
 .text.Pin_init
                0x08002e84       0x54 CMakeFiles/F103OLED.elf.dir/OLED/oled.c.obj
                0x08002e84                Pin_init
 .text.HAL_Delay_us
                0x08002ed8       0x3c CMakeFiles/F103OLED.elf.dir/OLED/oled.c.obj
                0x08002ed8                HAL_Delay_us
 .text.u8x8_gpio_and_delay
                0x08002f14       0x98 CMakeFiles/F103OLED.elf.dir/OLED/oled.c.obj
                0x08002f14                u8x8_gpio_and_delay
 .text.u8g2_init
                0x08002fac       0x30 CMakeFiles/F103OLED.elf.dir/OLED/oled.c.obj
                0x08002fac                u8g2_init
 .text.Reset_Handler
                0x08002fdc       0x48 CMakeFiles/F103OLED.elf.dir/startup/startup_stm32f103xb.s.obj
                0x08002fdc                Reset_Handler
 .text.Default_Handler
                0x08003024        0x2 CMakeFiles/F103OLED.elf.dir/startup/startup_stm32f103xb.s.obj
                0x08003024                DMA1_Channel4_IRQHandler
                0x08003024                EXTI1_IRQHandler
                0x08003024                SPI2_IRQHandler
                0x08003024                EXTI9_5_IRQHandler
                0x08003024                SPI1_IRQHandler
                0x08003024                PVD_IRQHandler
                0x08003024                USBWakeUp_IRQHandler
                0x08003024                WWDG_IRQHandler
                0x08003024                ADC1_2_IRQHandler
                0x08003024                DMA1_Channel5_IRQHandler
                0x08003024                RCC_IRQHandler
                0x08003024                I2C1_ER_IRQHandler
                0x08003024                RTC_IRQHandler
                0x08003024                DMA1_Channel6_IRQHandler
                0x08003024                TIM1_UP_IRQHandler
                0x08003024                DMA1_Channel2_IRQHandler
                0x08003024                I2C2_EV_IRQHandler
                0x08003024                TIM3_IRQHandler
                0x08003024                DMA1_Channel7_IRQHandler
                0x08003024                USB_LP_CAN1_RX0_IRQHandler
                0x08003024                USART2_IRQHandler
                0x08003024                FLASH_IRQHandler
                0x08003024                EXTI15_10_IRQHandler
                0x08003024                TIM1_BRK_IRQHandler
                0x08003024                USART1_IRQHandler
                0x08003024                TAMPER_IRQHandler
                0x08003024                CAN1_SCE_IRQHandler
                0x08003024                Default_Handler
                0x08003024                EXTI2_IRQHandler
                0x08003024                DMA1_Channel3_IRQHandler
                0x08003024                TIM4_IRQHandler
                0x08003024                USART3_IRQHandler
                0x08003024                EXTI3_IRQHandler
                0x08003024                I2C2_ER_IRQHandler
                0x08003024                TIM1_TRG_COM_IRQHandler
                0x08003024                I2C1_EV_IRQHandler
                0x08003024                TIM1_CC_IRQHandler
                0x08003024                DMA1_Channel1_IRQHandler
                0x08003024                EXTI0_IRQHandler
                0x08003024                RTC_Alarm_IRQHandler
                0x08003024                EXTI4_IRQHandler
                0x08003024                CAN1_RX1_IRQHandler
                0x08003024                USB_HP_CAN1_TX_IRQHandler
 .text.u8g2_DrawHXBMP
                0x08003026       0x8c CMakeFiles/F103OLED.elf.dir/u8g2/u8g2_bitmap.c.obj
                0x08003026                u8g2_DrawHXBMP
 .text.u8g2_DrawXBMP
                0x080030b2       0x54 CMakeFiles/F103OLED.elf.dir/u8g2/u8g2_bitmap.c.obj
                0x080030b2                u8g2_DrawXBMP
 .text.u8g2_send_tile_row
                0x08003106       0x20 CMakeFiles/F103OLED.elf.dir/u8g2/u8g2_buffer.c.obj
 .text.u8g2_send_buffer
                0x08003126       0x34 CMakeFiles/F103OLED.elf.dir/u8g2/u8g2_buffer.c.obj
 .text.u8g2_ClearBuffer
                0x0800315a       0x1a CMakeFiles/F103OLED.elf.dir/u8g2/u8g2_buffer.c.obj
                0x0800315a                u8g2_ClearBuffer
 .text.u8g2_SendBuffer
                0x08003174       0x10 CMakeFiles/F103OLED.elf.dir/u8g2/u8g2_buffer.c.obj
                0x08003174                u8g2_SendBuffer
 .text.u8g2_SetBufferCurrTileRow
                0x08003184       0x18 CMakeFiles/F103OLED.elf.dir/u8g2/u8g2_buffer.c.obj
                0x08003184                u8g2_SetBufferCurrTileRow
 .text.u8g2_FirstPage
                0x0800319c       0x1a CMakeFiles/F103OLED.elf.dir/u8g2/u8g2_buffer.c.obj
                0x0800319c                u8g2_FirstPage
 .text.u8g2_NextPage
                0x080031b6       0x40 CMakeFiles/F103OLED.elf.dir/u8g2/u8g2_buffer.c.obj
                0x080031b6                u8g2_NextPage
 .text.u8g2_draw_circle_section
                0x080031f6       0xb4 CMakeFiles/F103OLED.elf.dir/u8g2/u8g2_circle.c.obj
 .text.u8g2_draw_circle
                0x080032aa       0x80 CMakeFiles/F103OLED.elf.dir/u8g2/u8g2_circle.c.obj
 .text.u8g2_DrawCircle
                0x0800332a       0x48 CMakeFiles/F103OLED.elf.dir/u8g2/u8g2_circle.c.obj
                0x0800332a                u8g2_DrawCircle
 *fill*         0x08003372        0x2 
 .text.u8g2_m_16_8_f
                0x08003374        0xc CMakeFiles/F103OLED.elf.dir/u8g2/u8g2_d_memory.c.obj
                0x08003374                u8g2_m_16_8_f
 .text.u8g2_Setup_ssd1306_i2c_128x64_noname_f
                0x08003380       0x3c CMakeFiles/F103OLED.elf.dir/u8g2/u8g2_d_setup.c.obj
                0x08003380                u8g2_Setup_ssd1306_i2c_128x64_noname_f
 .text.u8g2_font_get_byte
                0x080033bc        0x4 CMakeFiles/F103OLED.elf.dir/u8g2/u8g2_font.c.obj
 .text.u8g2_font_get_word
                0x080033c0        0xe CMakeFiles/F103OLED.elf.dir/u8g2/u8g2_font.c.obj
 .text.u8g2_font_calc_vref_font
                0x080033ce        0x4 CMakeFiles/F103OLED.elf.dir/u8g2/u8g2_font.c.obj
                0x080033ce                u8g2_font_calc_vref_font
 .text.u8g2_read_font_info
                0x080033d2       0xd0 CMakeFiles/F103OLED.elf.dir/u8g2/u8g2_font.c.obj
                0x080033d2                u8g2_read_font_info
 .text.u8g2_font_decode_get_unsigned_bits
                0x080034a2       0x48 CMakeFiles/F103OLED.elf.dir/u8g2/u8g2_font.c.obj
                0x080034a2                u8g2_font_decode_get_unsigned_bits
 .text.u8g2_font_setup_decode
                0x080034ea       0x40 CMakeFiles/F103OLED.elf.dir/u8g2/u8g2_font.c.obj
 .text.u8g2_font_decode_get_signed_bits
                0x0800352a       0x18 CMakeFiles/F103OLED.elf.dir/u8g2/u8g2_font.c.obj
                0x0800352a                u8g2_font_decode_get_signed_bits
 .text.u8g2_add_vector_y
                0x08003542       0x22 CMakeFiles/F103OLED.elf.dir/u8g2/u8g2_font.c.obj
                0x08003542                u8g2_add_vector_y
 .text.u8g2_add_vector_x
                0x08003564       0x22 CMakeFiles/F103OLED.elf.dir/u8g2/u8g2_font.c.obj
                0x08003564                u8g2_add_vector_x
 .text.u8g2_font_decode_len
                0x08003586       0xca CMakeFiles/F103OLED.elf.dir/u8g2/u8g2_font.c.obj
                0x08003586                u8g2_font_decode_len
 .text.u8g2_font_decode_glyph
                0x08003650      0x152 CMakeFiles/F103OLED.elf.dir/u8g2/u8g2_font.c.obj
                0x08003650                u8g2_font_decode_glyph
 .text.u8g2_font_get_glyph_data
                0x080037a2       0x74 CMakeFiles/F103OLED.elf.dir/u8g2/u8g2_font.c.obj
                0x080037a2                u8g2_font_get_glyph_data
 .text.u8g2_font_draw_glyph
                0x08003816       0x24 CMakeFiles/F103OLED.elf.dir/u8g2/u8g2_font.c.obj
 .text.u8g2_DrawGlyph
                0x0800383a       0x4e CMakeFiles/F103OLED.elf.dir/u8g2/u8g2_font.c.obj
                0x0800383a                u8g2_DrawGlyph
 .text.u8g2_draw_string
                0x08003888       0x7c CMakeFiles/F103OLED.elf.dir/u8g2/u8g2_font.c.obj
 .text.u8g2_DrawStr
                0x08003904       0x10 CMakeFiles/F103OLED.elf.dir/u8g2/u8g2_font.c.obj
                0x08003904                u8g2_DrawStr
 .text.u8g2_UpdateRefHeight
                0x08003914       0x64 CMakeFiles/F103OLED.elf.dir/u8g2/u8g2_font.c.obj
                0x08003914                u8g2_UpdateRefHeight
 .text.u8g2_SetFontPosBaseline
                0x08003978        0xc CMakeFiles/F103OLED.elf.dir/u8g2/u8g2_font.c.obj
                0x08003978                u8g2_SetFontPosBaseline
 .text.u8g2_SetFont
                0x08003984       0x1c CMakeFiles/F103OLED.elf.dir/u8g2/u8g2_font.c.obj
                0x08003984                u8g2_SetFont
 .text.u8g2_clip_intersection2
                0x080039a0       0x4c CMakeFiles/F103OLED.elf.dir/u8g2/u8g2_hvline.c.obj
 .text.u8g2_draw_hv_line_2dir
                0x080039ec       0x18 CMakeFiles/F103OLED.elf.dir/u8g2/u8g2_hvline.c.obj
                0x080039ec                u8g2_draw_hv_line_2dir
 .text.u8g2_DrawHVLine
                0x08003a04       0xca CMakeFiles/F103OLED.elf.dir/u8g2/u8g2_hvline.c.obj
                0x08003a04                u8g2_DrawHVLine
 .text.u8g2_DrawPixel
                0x08003ace       0x36 CMakeFiles/F103OLED.elf.dir/u8g2/u8g2_hvline.c.obj
                0x08003ace                u8g2_DrawPixel
 .text.u8g2_is_intersection_decision_tree
                0x08003b04       0x2c CMakeFiles/F103OLED.elf.dir/u8g2/u8g2_intersection.c.obj
                0x08003b04                u8g2_is_intersection_decision_tree
 .text.u8g2_IsIntersection
                0x08003b30       0x2c CMakeFiles/F103OLED.elf.dir/u8g2/u8g2_intersection.c.obj
                0x08003b30                u8g2_IsIntersection
 .text.u8g2_ll_hvline_vertical_top_lsb
                0x08003b5c       0xa4 CMakeFiles/F103OLED.elf.dir/u8g2/u8g2_ll_hvline.c.obj
                0x08003b5c                u8g2_ll_hvline_vertical_top_lsb
 .text.u8g2_update_dimension_common
                0x08003c00       0x52 CMakeFiles/F103OLED.elf.dir/u8g2/u8g2_setup.c.obj
 .text.u8g2_update_dimension_r0
                0x08003c52        0x8 CMakeFiles/F103OLED.elf.dir/u8g2/u8g2_setup.c.obj
                0x08003c52                u8g2_update_dimension_r0
 .text.u8g2_apply_clip_window
                0x08003c5a       0x70 CMakeFiles/F103OLED.elf.dir/u8g2/u8g2_setup.c.obj
 .text.u8g2_update_page_win_r0
                0x08003cca       0x26 CMakeFiles/F103OLED.elf.dir/u8g2/u8g2_setup.c.obj
                0x08003cca                u8g2_update_page_win_r0
 .text.u8g2_draw_l90_r0
                0x08003cf0       0x12 CMakeFiles/F103OLED.elf.dir/u8g2/u8g2_setup.c.obj
                0x08003cf0                u8g2_draw_l90_r0
 .text.u8g2_SetMaxClipWindow
                0x08003d02       0x20 CMakeFiles/F103OLED.elf.dir/u8g2/u8g2_setup.c.obj
                0x08003d02                u8g2_SetMaxClipWindow
 .text.u8g2_SetupBuffer
                0x08003d22       0x44 CMakeFiles/F103OLED.elf.dir/u8g2/u8g2_setup.c.obj
                0x08003d22                u8g2_SetupBuffer
 .text.u8x8_ascii_next
                0x08003d66       0x16 CMakeFiles/F103OLED.elf.dir/u8g2/u8x8_8x8.c.obj
                0x08003d66                u8x8_ascii_next
 .text.u8x8_utf8_init
                0x08003d7c        0x8 CMakeFiles/F103OLED.elf.dir/u8g2/u8x8_8x8.c.obj
                0x08003d7c                u8x8_utf8_init
 .text.i2c_delay
                0x08003d84        0xe CMakeFiles/F103OLED.elf.dir/u8g2/u8x8_byte.c.obj
 .text.i2c_init
                0x08003d92       0x1e CMakeFiles/F103OLED.elf.dir/u8g2/u8x8_byte.c.obj
 .text.i2c_read_scl_and_delay
                0x08003db0       0x14 CMakeFiles/F103OLED.elf.dir/u8g2/u8x8_byte.c.obj
 .text.i2c_read_sda
                0x08003dc4        0xc CMakeFiles/F103OLED.elf.dir/u8g2/u8x8_byte.c.obj
 .text.i2c_clear_sda
                0x08003dd0        0xc CMakeFiles/F103OLED.elf.dir/u8g2/u8x8_byte.c.obj
 .text.i2c_stop
                0x08003ddc       0x28 CMakeFiles/F103OLED.elf.dir/u8g2/u8x8_byte.c.obj
 .text.i2c_clear_scl
                0x08003e04        0xc CMakeFiles/F103OLED.elf.dir/u8g2/u8x8_byte.c.obj
 .text.i2c_start
                0x08003e10       0x3c CMakeFiles/F103OLED.elf.dir/u8g2/u8x8_byte.c.obj
 .text.i2c_write_bit
                0x08003e4c       0x24 CMakeFiles/F103OLED.elf.dir/u8g2/u8x8_byte.c.obj
 .text.i2c_read_bit
                0x08003e70       0x28 CMakeFiles/F103OLED.elf.dir/u8g2/u8x8_byte.c.obj
 .text.i2c_write_byte
                0x08003e98       0x5c CMakeFiles/F103OLED.elf.dir/u8g2/u8x8_byte.c.obj
 .text.u8x8_byte_SendBytes
                0x08003ef4        0xe CMakeFiles/F103OLED.elf.dir/u8g2/u8x8_byte.c.obj
                0x08003ef4                u8x8_byte_SendBytes
 .text.u8x8_byte_SendByte
                0x08003f02       0x18 CMakeFiles/F103OLED.elf.dir/u8g2/u8x8_byte.c.obj
                0x08003f02                u8x8_byte_SendByte
 .text.u8x8_byte_StartTransfer
                0x08003f1a        0xe CMakeFiles/F103OLED.elf.dir/u8g2/u8x8_byte.c.obj
                0x08003f1a                u8x8_byte_StartTransfer
 .text.u8x8_byte_EndTransfer
                0x08003f28        0xe CMakeFiles/F103OLED.elf.dir/u8g2/u8x8_byte.c.obj
                0x08003f28                u8x8_byte_EndTransfer
 .text.u8x8_byte_sw_i2c
                0x08003f36       0x60 CMakeFiles/F103OLED.elf.dir/u8g2/u8x8_byte.c.obj
                0x08003f36                u8x8_byte_sw_i2c
 .text.u8x8_i2c_data_transfer
                0x08003f96       0x28 CMakeFiles/F103OLED.elf.dir/u8g2/u8x8_cad.c.obj
 .text.u8x8_cad_SendCmd
                0x08003fbe        0xe CMakeFiles/F103OLED.elf.dir/u8g2/u8x8_cad.c.obj
                0x08003fbe                u8x8_cad_SendCmd
 .text.u8x8_cad_SendArg
                0x08003fcc        0xe CMakeFiles/F103OLED.elf.dir/u8g2/u8x8_cad.c.obj
                0x08003fcc                u8x8_cad_SendArg
 .text.u8x8_cad_SendData
                0x08003fda        0xe CMakeFiles/F103OLED.elf.dir/u8g2/u8x8_cad.c.obj
                0x08003fda                u8x8_cad_SendData
 .text.u8x8_cad_StartTransfer
                0x08003fe8        0xe CMakeFiles/F103OLED.elf.dir/u8g2/u8x8_cad.c.obj
                0x08003fe8                u8x8_cad_StartTransfer
 .text.u8x8_cad_EndTransfer
                0x08003ff6        0xe CMakeFiles/F103OLED.elf.dir/u8g2/u8x8_cad.c.obj
                0x08003ff6                u8x8_cad_EndTransfer
 .text.u8x8_cad_SendSequence
                0x08004004       0x72 CMakeFiles/F103OLED.elf.dir/u8g2/u8x8_cad.c.obj
                0x08004004                u8x8_cad_SendSequence
 *fill*         0x08004076        0x2 
 .text.u8x8_cad_ssd13xx_fast_i2c
                0x08004078       0xc8 CMakeFiles/F103OLED.elf.dir/u8g2/u8x8_cad.c.obj
                0x08004078                u8x8_cad_ssd13xx_fast_i2c
 .text.u8x8_d_ssd1306_sh1106_generic
                0x08004140       0xe4 CMakeFiles/F103OLED.elf.dir/u8g2/u8x8_d_ssd1306_128x64_noname.c.obj
 .text.u8x8_d_ssd1306_128x64_noname
                0x08004224       0x40 CMakeFiles/F103OLED.elf.dir/u8g2/u8x8_d_ssd1306_128x64_noname.c.obj
                0x08004224                u8x8_d_ssd1306_128x64_noname
 .text.u8x8_d_helper_display_setup_memory
                0x08004264        0xa CMakeFiles/F103OLED.elf.dir/u8g2/u8x8_display.c.obj
                0x08004264                u8x8_d_helper_display_setup_memory
 .text.u8x8_d_helper_display_init
                0x0800426e       0x62 CMakeFiles/F103OLED.elf.dir/u8g2/u8x8_display.c.obj
                0x0800426e                u8x8_d_helper_display_init
 .text.u8x8_DrawTile
                0x080042d0       0x22 CMakeFiles/F103OLED.elf.dir/u8g2/u8x8_display.c.obj
                0x080042d0                u8x8_DrawTile
 .text.u8x8_SetupMemory
                0x080042f2        0xe CMakeFiles/F103OLED.elf.dir/u8g2/u8x8_display.c.obj
                0x080042f2                u8x8_SetupMemory
 .text.u8x8_InitDisplay
                0x08004300        0xe CMakeFiles/F103OLED.elf.dir/u8g2/u8x8_display.c.obj
                0x08004300                u8x8_InitDisplay
 .text.u8x8_SetPowerSave
                0x0800430e        0xe CMakeFiles/F103OLED.elf.dir/u8g2/u8x8_display.c.obj
                0x0800430e                u8x8_SetPowerSave
 .text.u8x8_RefreshDisplay
                0x0800431c        0xe CMakeFiles/F103OLED.elf.dir/u8g2/u8x8_display.c.obj
                0x0800431c                u8x8_RefreshDisplay
 .text.u8x8_gpio_call
                0x0800432a        0xa CMakeFiles/F103OLED.elf.dir/u8g2/u8x8_gpio.c.obj
                0x0800432a                u8x8_gpio_call
 .text.u8x8_dummy_cb
                0x08004334        0x4 CMakeFiles/F103OLED.elf.dir/u8g2/u8x8_setup.c.obj
                0x08004334                u8x8_dummy_cb
 .text.u8x8_SetupDefaults
                0x08004338       0x28 CMakeFiles/F103OLED.elf.dir/u8g2/u8x8_setup.c.obj
                0x08004338                u8x8_SetupDefaults
 .text.u8x8_Setup
                0x08004360       0x20 CMakeFiles/F103OLED.elf.dir/u8g2/u8x8_setup.c.obj
                0x08004360                u8x8_Setup
 .text.__libc_init_array
                0x08004380       0x48 d:/clion_stm32/gcc-arm-none-eabi-10.3-2021.10/bin/../lib/gcc/arm-none-eabi/10.3.1/../../../../arm-none-eabi/lib/thumb/v7-m/nofp\libg.a(lib_a-init.o)
                0x08004380                __libc_init_array
 .text.memset   0x080043c8       0xa4 d:/clion_stm32/gcc-arm-none-eabi-10.3-2021.10/bin/../lib/gcc/arm-none-eabi/10.3.1/../../../../arm-none-eabi/lib/thumb/v7-m/nofp\libg.a(lib_a-memset.o)
                0x080043c8                memset
 .text.startup.register_fini
                0x0800446c       0x14 d:/clion_stm32/gcc-arm-none-eabi-10.3-2021.10/bin/../lib/gcc/arm-none-eabi/10.3.1/../../../../arm-none-eabi/lib/thumb/v7-m/nofp\libg.a(lib_a-__call_atexit.o)
 .text.atexit   0x08004480        0xc d:/clion_stm32/gcc-arm-none-eabi-10.3-2021.10/bin/../lib/gcc/arm-none-eabi/10.3.1/../../../../arm-none-eabi/lib/thumb/v7-m/nofp\libg.a(lib_a-atexit.o)
                0x08004480                atexit
 .text.__libc_fini_array
                0x0800448c       0x2c d:/clion_stm32/gcc-arm-none-eabi-10.3-2021.10/bin/../lib/gcc/arm-none-eabi/10.3.1/../../../../arm-none-eabi/lib/thumb/v7-m/nofp\libg.a(lib_a-fini.o)
                0x0800448c                __libc_fini_array
 .text.__retarget_lock_acquire_recursive
                0x080044b8        0x4 d:/clion_stm32/gcc-arm-none-eabi-10.3-2021.10/bin/../lib/gcc/arm-none-eabi/10.3.1/../../../../arm-none-eabi/lib/thumb/v7-m/nofp\libg.a(lib_a-lock.o)
                0x080044b8                __retarget_lock_acquire_recursive
 .text.__retarget_lock_release_recursive
                0x080044bc        0x4 d:/clion_stm32/gcc-arm-none-eabi-10.3-2021.10/bin/../lib/gcc/arm-none-eabi/10.3.1/../../../../arm-none-eabi/lib/thumb/v7-m/nofp\libg.a(lib_a-lock.o)
                0x080044bc                __retarget_lock_release_recursive
 .text.__register_exitproc
                0x080044c0       0x8c d:/clion_stm32/gcc-arm-none-eabi-10.3-2021.10/bin/../lib/gcc/arm-none-eabi/10.3.1/../../../../arm-none-eabi/lib/thumb/v7-m/nofp\libg.a(lib_a-__atexit.o)
                0x080044c0                __register_exitproc
 *(.glue_7)
 .glue_7        0x0800454c        0x0 linker stubs
 *(.glue_7t)
 .glue_7t       0x0800454c        0x0 linker stubs
 *(.eh_frame)
 .eh_frame      0x0800454c        0x0 d:/clion_stm32/gcc-arm-none-eabi-10.3-2021.10/bin/../lib/gcc/arm-none-eabi/10.3.1/thumb/v7-m/nofp/crtbegin.o
 *(.init)
 .init          0x0800454c        0x4 d:/clion_stm32/gcc-arm-none-eabi-10.3-2021.10/bin/../lib/gcc/arm-none-eabi/10.3.1/thumb/v7-m/nofp/crti.o
                0x0800454c                _init
 .init          0x08004550        0x8 d:/clion_stm32/gcc-arm-none-eabi-10.3-2021.10/bin/../lib/gcc/arm-none-eabi/10.3.1/thumb/v7-m/nofp/crtn.o
 *(.fini)
 .fini          0x08004558        0x4 d:/clion_stm32/gcc-arm-none-eabi-10.3-2021.10/bin/../lib/gcc/arm-none-eabi/10.3.1/thumb/v7-m/nofp/crti.o
                0x08004558                _fini
 .fini          0x0800455c        0x8 d:/clion_stm32/gcc-arm-none-eabi-10.3-2021.10/bin/../lib/gcc/arm-none-eabi/10.3.1/thumb/v7-m/nofp/crtn.o
                0x08004564                . = ALIGN (0x4)
                0x08004564                _etext = .

.vfp11_veneer   0x08004564        0x0
 .vfp11_veneer  0x08004564        0x0 linker stubs

.v4_bx          0x08004564        0x0
 .v4_bx         0x08004564        0x0 linker stubs

.iplt           0x08004564        0x0
 .iplt          0x08004564        0x0 d:/clion_stm32/gcc-arm-none-eabi-10.3-2021.10/bin/../lib/gcc/arm-none-eabi/10.3.1/thumb/v7-m/nofp/crtbegin.o

.rodata         0x08004564      0xff8
                0x08004564                . = ALIGN (0x4)
 *(.rodata)
 *(.rodata*)
 .rodata.StartDefaultTask.str1.4
                0x08004564       0x12 CMakeFiles/F103OLED.elf.dir/Core/Src/freertos.c.obj
 *fill*         0x08004576        0x2 
 .rodata.str1.4
                0x08004578       0x2d CMakeFiles/F103OLED.elf.dir/Core/Src/freertos.c.obj
 *fill*         0x080045a5        0x3 
 .rodata.LED_attributes
                0x080045a8       0x24 CMakeFiles/F103OLED.elf.dir/Core/Src/freertos.c.obj
                0x080045a8                LED_attributes
 .rodata.oled_attributes
                0x080045cc       0x24 CMakeFiles/F103OLED.elf.dir/Core/Src/freertos.c.obj
                0x080045cc                oled_attributes
 .rodata.wall_e_bmp01
                0x080045f0      0x400 CMakeFiles/F103OLED.elf.dir/Core/Src/freertos.c.obj
 .rodata.AHBPrescTable
                0x080049f0       0x10 CMakeFiles/F103OLED.elf.dir/Core/Src/system_stm32f1xx.c.obj
                0x080049f0                AHBPrescTable
 .rodata.APBPrescTable
                0x08004a00        0x8 CMakeFiles/F103OLED.elf.dir/Core/Src/system_stm32f1xx.c.obj
                0x08004a00                APBPrescTable
 .rodata.aPLLMULFactorTable.1
                0x08004a08       0x10 CMakeFiles/F103OLED.elf.dir/Drivers/STM32F1xx_HAL_Driver/Src/stm32f1xx_hal_rcc.c.obj
 .rodata.aPredivFactorTable.0
                0x08004a18        0x2 CMakeFiles/F103OLED.elf.dir/Drivers/STM32F1xx_HAL_Driver/Src/stm32f1xx_hal_rcc.c.obj
 *fill*         0x08004a1a        0x2 
 .rodata.vTaskStartScheduler.str1.4
                0x08004a1c        0x5 CMakeFiles/F103OLED.elf.dir/Middlewares/Third_Party/FreeRTOS/Source/tasks.c.obj
 *fill*         0x08004a21        0x3 
 .rodata.prvCheckForValidListAndQueue.str1.4
                0x08004a24        0x5 CMakeFiles/F103OLED.elf.dir/Middlewares/Third_Party/FreeRTOS/Source/timers.c.obj
 *fill*         0x08004a29        0x3 
 .rodata.xTimerCreateTimerTask.str1.4
                0x08004a2c        0x8 CMakeFiles/F103OLED.elf.dir/Middlewares/Third_Party/FreeRTOS/Source/timers.c.obj
 .rodata.u8g2_font_ncenB08_tr
                0x08004a34      0x48e CMakeFiles/F103OLED.elf.dir/u8g2/u8g2_fonts.c.obj
                0x08004a34                u8g2_font_ncenB08_tr
 *fill*         0x08004ec2        0x2 
 .rodata.u8g2_font_ncenB10_tr
                0x08004ec4      0x617 CMakeFiles/F103OLED.elf.dir/u8g2/u8g2_fonts.c.obj
                0x08004ec4                u8g2_font_ncenB10_tr
 *fill*         0x080054db        0x1 
 .rodata.u8g2_cb_r0
                0x080054dc        0xc CMakeFiles/F103OLED.elf.dir/u8g2/u8g2_setup.c.obj
                0x080054dc                u8g2_cb_r0
 .rodata.u8x8_d_ssd1306_128x64_noname_flip0_seq
                0x080054e8        0x7 CMakeFiles/F103OLED.elf.dir/u8g2/u8x8_d_ssd1306_128x64_noname.c.obj
 *fill*         0x080054ef        0x1 
 .rodata.u8x8_d_ssd1306_128x64_noname_flip1_seq
                0x080054f0        0x7 CMakeFiles/F103OLED.elf.dir/u8g2/u8x8_d_ssd1306_128x64_noname.c.obj
 *fill*         0x080054f7        0x1 
 .rodata.u8x8_d_ssd1306_128x64_noname_init_seq
                0x080054f8       0x35 CMakeFiles/F103OLED.elf.dir/u8g2/u8x8_d_ssd1306_128x64_noname.c.obj
 *fill*         0x0800552d        0x3 
 .rodata.u8x8_d_ssd1306_128x64_noname_powersave0_seq
                0x08005530        0x5 CMakeFiles/F103OLED.elf.dir/u8g2/u8x8_d_ssd1306_128x64_noname.c.obj
 *fill*         0x08005535        0x3 
 .rodata.u8x8_d_ssd1306_128x64_noname_powersave1_seq
                0x08005538        0x5 CMakeFiles/F103OLED.elf.dir/u8g2/u8x8_d_ssd1306_128x64_noname.c.obj
 *fill*         0x0800553d        0x3 
 .rodata.u8x8_ssd1306_128x64_noname_display_info
                0x08005540       0x18 CMakeFiles/F103OLED.elf.dir/u8g2/u8x8_d_ssd1306_128x64_noname.c.obj
 .rodata._global_impure_ptr
                0x08005558        0x4 d:/clion_stm32/gcc-arm-none-eabi-10.3-2021.10/bin/../lib/gcc/arm-none-eabi/10.3.1/../../../../arm-none-eabi/lib/thumb/v7-m/nofp\libg.a(lib_a-impure.o)
                0x08005558                _global_impure_ptr
                0x0800555c                . = ALIGN (0x4)

.rel.dyn        0x0800555c        0x0
 .rel.iplt      0x0800555c        0x0 d:/clion_stm32/gcc-arm-none-eabi-10.3-2021.10/bin/../lib/gcc/arm-none-eabi/10.3.1/thumb/v7-m/nofp/crtbegin.o

.ARM.extab
 *(.ARM.extab* .gnu.linkonce.armextab.*)

.ARM            0x0800555c        0x0
                0x0800555c                __exidx_start = .
 *(.ARM.exidx*)
                0x0800555c                __exidx_end = .

.preinit_array  0x0800555c        0x0
                0x0800555c                PROVIDE (__preinit_array_start = .)
 *(.preinit_array*)
                0x0800555c                PROVIDE (__preinit_array_end = .)

.init_array     0x0800555c        0x8
                0x0800555c                PROVIDE (__init_array_start = .)
 *(SORT_BY_NAME(.init_array.*))
 .init_array.00000
                0x0800555c        0x4 d:/clion_stm32/gcc-arm-none-eabi-10.3-2021.10/bin/../lib/gcc/arm-none-eabi/10.3.1/../../../../arm-none-eabi/lib/thumb/v7-m/nofp\libg.a(lib_a-__call_atexit.o)
 *(.init_array*)
 .init_array    0x08005560        0x4 d:/clion_stm32/gcc-arm-none-eabi-10.3-2021.10/bin/../lib/gcc/arm-none-eabi/10.3.1/thumb/v7-m/nofp/crtbegin.o
                0x08005564                PROVIDE (__init_array_end = .)

.fini_array     0x08005564        0x4
                0x08005564                PROVIDE (__fini_array_start = .)
 *(SORT_BY_NAME(.fini_array.*))
 *(.fini_array*)
 .fini_array    0x08005564        0x4 d:/clion_stm32/gcc-arm-none-eabi-10.3-2021.10/bin/../lib/gcc/arm-none-eabi/10.3.1/thumb/v7-m/nofp/crtbegin.o
                0x08005568                PROVIDE (__fini_array_end = .)
                0x08005568                _sidata = LOADADDR (.data)

.data           0x20000000      0x454 load address 0x08005568
                0x20000000                . = ALIGN (0x4)
                0x20000000                _sdata = .
 *(.data)
 *(.data*)
 .data.list     0x20000000       0x10 CMakeFiles/F103OLED.elf.dir/Core/Src/freertos.c.obj
                0x20000000                list
 .data.x        0x20000010        0x2 CMakeFiles/F103OLED.elf.dir/Core/Src/freertos.c.obj
                0x20000010                x
 .data.y        0x20000012        0x2 CMakeFiles/F103OLED.elf.dir/Core/Src/freertos.c.obj
                0x20000012                y
 .data.SystemCoreClock
                0x20000014        0x4 CMakeFiles/F103OLED.elf.dir/Core/Src/system_stm32f1xx.c.obj
                0x20000014                SystemCoreClock
 .data.uwTickFreq
                0x20000018        0x1 CMakeFiles/F103OLED.elf.dir/Drivers/STM32F1xx_HAL_Driver/Src/stm32f1xx_hal.c.obj
                0x20000018                uwTickFreq
 *fill*         0x20000019        0x3 
 .data.uwTickPrio
                0x2000001c        0x4 CMakeFiles/F103OLED.elf.dir/Drivers/STM32F1xx_HAL_Driver/Src/stm32f1xx_hal.c.obj
                0x2000001c                uwTickPrio
 .data.uxCriticalNesting
                0x20000020        0x4 CMakeFiles/F103OLED.elf.dir/Middlewares/Third_Party/FreeRTOS/Source/portable/GCC/ARM_CM3/port.c.obj
 *fill*         0x20000024        0x4 
 .data.impure_data
                0x20000028      0x428 d:/clion_stm32/gcc-arm-none-eabi-10.3-2021.10/bin/../lib/gcc/arm-none-eabi/10.3.1/../../../../arm-none-eabi/lib/thumb/v7-m/nofp\libg.a(lib_a-impure.o)
 .data.__atexit_recursive_mutex
                0x20000450        0x4 d:/clion_stm32/gcc-arm-none-eabi-10.3-2021.10/bin/../lib/gcc/arm-none-eabi/10.3.1/../../../../arm-none-eabi/lib/thumb/v7-m/nofp\libg.a(lib_a-__call_atexit.o)
                0x20000450                __atexit_recursive_mutex
                0x20000454                . = ALIGN (0x4)
                0x20000454                _edata = .

.igot.plt       0x20000454        0x0 load address 0x080059bc
 .igot.plt      0x20000454        0x0 d:/clion_stm32/gcc-arm-none-eabi-10.3-2021.10/bin/../lib/gcc/arm-none-eabi/10.3.1/thumb/v7-m/nofp/crtbegin.o
                0x20000454                . = ALIGN (0x4)

.bss            0x20000454     0x1e58 load address 0x080059bc
                0x20000454                _sbss = .
                0x20000454                __bss_start__ = _sbss
 *(.bss)
 .bss           0x20000454       0x1c d:/clion_stm32/gcc-arm-none-eabi-10.3-2021.10/bin/../lib/gcc/arm-none-eabi/10.3.1/thumb/v7-m/nofp/crtbegin.o
 *(.bss*)
 .bss.LEDHandle
                0x20000470        0x4 CMakeFiles/F103OLED.elf.dir/Core/Src/freertos.c.obj
                0x20000470                LEDHandle
 .bss.oledHandle
                0x20000474        0x4 CMakeFiles/F103OLED.elf.dir/Core/Src/freertos.c.obj
                0x20000474                oledHandle
 .bss.u8g2      0x20000478       0x94 CMakeFiles/F103OLED.elf.dir/Core/Src/freertos.c.obj
                0x20000478                u8g2
 .bss.htim2     0x2000050c       0x48 CMakeFiles/F103OLED.elf.dir/Core/Src/stm32f1xx_hal_timebase_tim.c.obj
                0x2000050c                htim2
 .bss.uwTick    0x20000554        0x4 CMakeFiles/F103OLED.elf.dir/Drivers/STM32F1xx_HAL_Driver/Src/stm32f1xx_hal.c.obj
                0x20000554                uwTick
 .bss.Idle_Stack
                0x20000558      0x200 CMakeFiles/F103OLED.elf.dir/Middlewares/Third_Party/FreeRTOS/Source/CMSIS_RTOS_V2/cmsis_os2.c.obj
 .bss.Idle_TCB  0x20000758       0x5c CMakeFiles/F103OLED.elf.dir/Middlewares/Third_Party/FreeRTOS/Source/CMSIS_RTOS_V2/cmsis_os2.c.obj
 .bss.KernelState
                0x200007b4        0x4 CMakeFiles/F103OLED.elf.dir/Middlewares/Third_Party/FreeRTOS/Source/CMSIS_RTOS_V2/cmsis_os2.c.obj
 .bss.Timer_Stack
                0x200007b8      0x400 CMakeFiles/F103OLED.elf.dir/Middlewares/Third_Party/FreeRTOS/Source/CMSIS_RTOS_V2/cmsis_os2.c.obj
 .bss.Timer_TCB
                0x20000bb8       0x5c CMakeFiles/F103OLED.elf.dir/Middlewares/Third_Party/FreeRTOS/Source/CMSIS_RTOS_V2/cmsis_os2.c.obj
 .bss.ucMaxSysCallPriority
                0x20000c14        0x1 CMakeFiles/F103OLED.elf.dir/Middlewares/Third_Party/FreeRTOS/Source/portable/GCC/ARM_CM3/port.c.obj
 *fill*         0x20000c15        0x3 
 .bss.ulMaxPRIGROUPValue
                0x20000c18        0x4 CMakeFiles/F103OLED.elf.dir/Middlewares/Third_Party/FreeRTOS/Source/portable/GCC/ARM_CM3/port.c.obj
 .bss.pxEnd     0x20000c1c        0x4 CMakeFiles/F103OLED.elf.dir/Middlewares/Third_Party/FreeRTOS/Source/portable/MemMang/heap_4.c.obj
 .bss.ucHeap    0x20000c20      0xc00 CMakeFiles/F103OLED.elf.dir/Middlewares/Third_Party/FreeRTOS/Source/portable/MemMang/heap_4.c.obj
 .bss.xBlockAllocatedBit
                0x20001820        0x4 CMakeFiles/F103OLED.elf.dir/Middlewares/Third_Party/FreeRTOS/Source/portable/MemMang/heap_4.c.obj
 .bss.xFreeBytesRemaining
                0x20001824        0x4 CMakeFiles/F103OLED.elf.dir/Middlewares/Third_Party/FreeRTOS/Source/portable/MemMang/heap_4.c.obj
 .bss.xMinimumEverFreeBytesRemaining
                0x20001828        0x4 CMakeFiles/F103OLED.elf.dir/Middlewares/Third_Party/FreeRTOS/Source/portable/MemMang/heap_4.c.obj
 .bss.xStart    0x2000182c        0x8 CMakeFiles/F103OLED.elf.dir/Middlewares/Third_Party/FreeRTOS/Source/portable/MemMang/heap_4.c.obj
 .bss.xQueueRegistry
                0x20001834       0x40 CMakeFiles/F103OLED.elf.dir/Middlewares/Third_Party/FreeRTOS/Source/queue.c.obj
                0x20001834                xQueueRegistry
 .bss.pxCurrentTCB
                0x20001874        0x4 CMakeFiles/F103OLED.elf.dir/Middlewares/Third_Party/FreeRTOS/Source/tasks.c.obj
                0x20001874                pxCurrentTCB
 .bss.pxDelayedTaskList
                0x20001878        0x4 CMakeFiles/F103OLED.elf.dir/Middlewares/Third_Party/FreeRTOS/Source/tasks.c.obj
 .bss.pxOverflowDelayedTaskList
                0x2000187c        0x4 CMakeFiles/F103OLED.elf.dir/Middlewares/Third_Party/FreeRTOS/Source/tasks.c.obj
 .bss.pxReadyTasksLists
                0x20001880      0x460 CMakeFiles/F103OLED.elf.dir/Middlewares/Third_Party/FreeRTOS/Source/tasks.c.obj
 .bss.uxCurrentNumberOfTasks
                0x20001ce0        0x4 CMakeFiles/F103OLED.elf.dir/Middlewares/Third_Party/FreeRTOS/Source/tasks.c.obj
 .bss.uxDeletedTasksWaitingCleanUp
                0x20001ce4        0x4 CMakeFiles/F103OLED.elf.dir/Middlewares/Third_Party/FreeRTOS/Source/tasks.c.obj
 .bss.uxPendedTicks
                0x20001ce8        0x4 CMakeFiles/F103OLED.elf.dir/Middlewares/Third_Party/FreeRTOS/Source/tasks.c.obj
 .bss.uxSchedulerSuspended
                0x20001cec        0x4 CMakeFiles/F103OLED.elf.dir/Middlewares/Third_Party/FreeRTOS/Source/tasks.c.obj
 .bss.uxTaskNumber
                0x20001cf0        0x4 CMakeFiles/F103OLED.elf.dir/Middlewares/Third_Party/FreeRTOS/Source/tasks.c.obj
 .bss.uxTopReadyPriority
                0x20001cf4        0x4 CMakeFiles/F103OLED.elf.dir/Middlewares/Third_Party/FreeRTOS/Source/tasks.c.obj
 .bss.xDelayedTaskList1
                0x20001cf8       0x14 CMakeFiles/F103OLED.elf.dir/Middlewares/Third_Party/FreeRTOS/Source/tasks.c.obj
 .bss.xDelayedTaskList2
                0x20001d0c       0x14 CMakeFiles/F103OLED.elf.dir/Middlewares/Third_Party/FreeRTOS/Source/tasks.c.obj
 .bss.xIdleTaskHandle
                0x20001d20        0x4 CMakeFiles/F103OLED.elf.dir/Middlewares/Third_Party/FreeRTOS/Source/tasks.c.obj
 .bss.xNextTaskUnblockTime
                0x20001d24        0x4 CMakeFiles/F103OLED.elf.dir/Middlewares/Third_Party/FreeRTOS/Source/tasks.c.obj
 .bss.xNumOfOverflows
                0x20001d28        0x4 CMakeFiles/F103OLED.elf.dir/Middlewares/Third_Party/FreeRTOS/Source/tasks.c.obj
 .bss.xPendingReadyList
                0x20001d2c       0x14 CMakeFiles/F103OLED.elf.dir/Middlewares/Third_Party/FreeRTOS/Source/tasks.c.obj
 .bss.xSchedulerRunning
                0x20001d40        0x4 CMakeFiles/F103OLED.elf.dir/Middlewares/Third_Party/FreeRTOS/Source/tasks.c.obj
 .bss.xSuspendedTaskList
                0x20001d44       0x14 CMakeFiles/F103OLED.elf.dir/Middlewares/Third_Party/FreeRTOS/Source/tasks.c.obj
 .bss.xTasksWaitingTermination
                0x20001d58       0x14 CMakeFiles/F103OLED.elf.dir/Middlewares/Third_Party/FreeRTOS/Source/tasks.c.obj
 .bss.xTickCount
                0x20001d6c        0x4 CMakeFiles/F103OLED.elf.dir/Middlewares/Third_Party/FreeRTOS/Source/tasks.c.obj
 .bss.xYieldPending
                0x20001d70        0x4 CMakeFiles/F103OLED.elf.dir/Middlewares/Third_Party/FreeRTOS/Source/tasks.c.obj
 .bss.pxCurrentTimerList
                0x20001d74        0x4 CMakeFiles/F103OLED.elf.dir/Middlewares/Third_Party/FreeRTOS/Source/timers.c.obj
 .bss.pxOverflowTimerList
                0x20001d78        0x4 CMakeFiles/F103OLED.elf.dir/Middlewares/Third_Party/FreeRTOS/Source/timers.c.obj
 .bss.ucStaticTimerQueueStorage.1
                0x20001d7c       0xa0 CMakeFiles/F103OLED.elf.dir/Middlewares/Third_Party/FreeRTOS/Source/timers.c.obj
 .bss.xActiveTimerList1
                0x20001e1c       0x14 CMakeFiles/F103OLED.elf.dir/Middlewares/Third_Party/FreeRTOS/Source/timers.c.obj
 .bss.xActiveTimerList2
                0x20001e30       0x14 CMakeFiles/F103OLED.elf.dir/Middlewares/Third_Party/FreeRTOS/Source/timers.c.obj
 .bss.xLastTime.2
                0x20001e44        0x4 CMakeFiles/F103OLED.elf.dir/Middlewares/Third_Party/FreeRTOS/Source/timers.c.obj
 .bss.xStaticTimerQueue.0
                0x20001e48       0x50 CMakeFiles/F103OLED.elf.dir/Middlewares/Third_Party/FreeRTOS/Source/timers.c.obj
 .bss.xTimerQueue
                0x20001e98        0x4 CMakeFiles/F103OLED.elf.dir/Middlewares/Third_Party/FreeRTOS/Source/timers.c.obj
 .bss.xTimerTaskHandle
                0x20001e9c        0x4 CMakeFiles/F103OLED.elf.dir/Middlewares/Third_Party/FreeRTOS/Source/timers.c.obj
 .bss.fac_us    0x20001ea0        0x4 CMakeFiles/F103OLED.elf.dir/OLED/oled.c.obj
                0x20001ea0                fac_us
 .bss.buf.0     0x20001ea4      0x400 CMakeFiles/F103OLED.elf.dir/u8g2/u8g2_d_memory.c.obj
 .bss.in_transfer.5
                0x200022a4        0x1 CMakeFiles/F103OLED.elf.dir/u8g2/u8x8_cad.c.obj
 *fill*         0x200022a5        0x3 
 .bss.__lock___atexit_recursive_mutex
                0x200022a8        0x1 d:/clion_stm32/gcc-arm-none-eabi-10.3-2021.10/bin/../lib/gcc/arm-none-eabi/10.3.1/../../../../arm-none-eabi/lib/thumb/v7-m/nofp\libg.a(lib_a-lock.o)
                0x200022a8                __lock___atexit_recursive_mutex
 *(COMMON)
                0x200022ac                . = ALIGN (0x4)
 *fill*         0x200022a9        0x3 
                0x200022ac                _ebss = .
                0x200022ac                __bss_end__ = _ebss

._user_heap_stack
                0x200022ac      0x604 load address 0x080059bc
                0x200022b0                . = ALIGN (0x8)
 *fill*         0x200022ac        0x4 
                0x200022b0                PROVIDE (end = .)
                [!provide]                PROVIDE (_end = .)
                0x200024b0                . = (. + _Min_Heap_Size)
 *fill*         0x200022b0      0x200 
                0x200028b0                . = (. + _Min_Stack_Size)
 *fill*         0x200024b0      0x400 
                0x200028b0                . = ALIGN (0x8)

/DISCARD/
 libc.a(*)
 libm.a(*)
 libgcc.a(*)

.ARM.attributes
                0x00000000       0x29
 *(.ARM.attributes)
 .ARM.attributes
                0x00000000       0x1d d:/clion_stm32/gcc-arm-none-eabi-10.3-2021.10/bin/../lib/gcc/arm-none-eabi/10.3.1/thumb/v7-m/nofp/crti.o
 .ARM.attributes
                0x0000001d       0x2d d:/clion_stm32/gcc-arm-none-eabi-10.3-2021.10/bin/../lib/gcc/arm-none-eabi/10.3.1/thumb/v7-m/nofp/crtbegin.o
 .ARM.attributes
                0x0000004a       0x2d CMakeFiles/F103OLED.elf.dir/Core/Src/freertos.c.obj
 .ARM.attributes
                0x00000077       0x2d CMakeFiles/F103OLED.elf.dir/Core/Src/gpio.c.obj
 .ARM.attributes
                0x000000a4       0x2d CMakeFiles/F103OLED.elf.dir/Core/Src/main.c.obj
 .ARM.attributes
                0x000000d1       0x2d CMakeFiles/F103OLED.elf.dir/Core/Src/stm32f1xx_hal_msp.c.obj
 .ARM.attributes
                0x000000fe       0x2d CMakeFiles/F103OLED.elf.dir/Core/Src/stm32f1xx_hal_timebase_tim.c.obj
 .ARM.attributes
                0x0000012b       0x2d CMakeFiles/F103OLED.elf.dir/Core/Src/stm32f1xx_it.c.obj
 .ARM.attributes
                0x00000158       0x2d CMakeFiles/F103OLED.elf.dir/Core/Src/system_stm32f1xx.c.obj
 .ARM.attributes
                0x00000185       0x2d CMakeFiles/F103OLED.elf.dir/Drivers/STM32F1xx_HAL_Driver/Src/stm32f1xx_hal.c.obj
 .ARM.attributes
                0x000001b2       0x2d CMakeFiles/F103OLED.elf.dir/Drivers/STM32F1xx_HAL_Driver/Src/stm32f1xx_hal_cortex.c.obj
 .ARM.attributes
                0x000001df       0x2d CMakeFiles/F103OLED.elf.dir/Drivers/STM32F1xx_HAL_Driver/Src/stm32f1xx_hal_gpio.c.obj
 .ARM.attributes
                0x0000020c       0x2d CMakeFiles/F103OLED.elf.dir/Drivers/STM32F1xx_HAL_Driver/Src/stm32f1xx_hal_rcc.c.obj
 .ARM.attributes
                0x00000239       0x2d CMakeFiles/F103OLED.elf.dir/Drivers/STM32F1xx_HAL_Driver/Src/stm32f1xx_hal_tim.c.obj
 .ARM.attributes
                0x00000266       0x2d CMakeFiles/F103OLED.elf.dir/Drivers/STM32F1xx_HAL_Driver/Src/stm32f1xx_hal_tim_ex.c.obj
 .ARM.attributes
                0x00000293       0x2d CMakeFiles/F103OLED.elf.dir/Middlewares/Third_Party/FreeRTOS/Source/CMSIS_RTOS_V2/cmsis_os2.c.obj
 .ARM.attributes
                0x000002c0       0x2d CMakeFiles/F103OLED.elf.dir/Middlewares/Third_Party/FreeRTOS/Source/list.c.obj
 .ARM.attributes
                0x000002ed       0x2d CMakeFiles/F103OLED.elf.dir/Middlewares/Third_Party/FreeRTOS/Source/portable/GCC/ARM_CM3/port.c.obj
 .ARM.attributes
                0x0000031a       0x2d CMakeFiles/F103OLED.elf.dir/Middlewares/Third_Party/FreeRTOS/Source/portable/MemMang/heap_4.c.obj
 .ARM.attributes
                0x00000347       0x2d CMakeFiles/F103OLED.elf.dir/Middlewares/Third_Party/FreeRTOS/Source/queue.c.obj
 .ARM.attributes
                0x00000374       0x2d CMakeFiles/F103OLED.elf.dir/Middlewares/Third_Party/FreeRTOS/Source/tasks.c.obj
 .ARM.attributes
                0x000003a1       0x2d CMakeFiles/F103OLED.elf.dir/Middlewares/Third_Party/FreeRTOS/Source/timers.c.obj
 .ARM.attributes
                0x000003ce       0x2d CMakeFiles/F103OLED.elf.dir/OLED/oled.c.obj
 .ARM.attributes
                0x000003fb       0x21 CMakeFiles/F103OLED.elf.dir/startup/startup_stm32f103xb.s.obj
 .ARM.attributes
                0x0000041c       0x2d CMakeFiles/F103OLED.elf.dir/u8g2/u8g2_bitmap.c.obj
 .ARM.attributes
                0x00000449       0x2d CMakeFiles/F103OLED.elf.dir/u8g2/u8g2_buffer.c.obj
 .ARM.attributes
                0x00000476       0x2d CMakeFiles/F103OLED.elf.dir/u8g2/u8g2_circle.c.obj
 .ARM.attributes
                0x000004a3       0x2d CMakeFiles/F103OLED.elf.dir/u8g2/u8g2_d_memory.c.obj
 .ARM.attributes
                0x000004d0       0x2d CMakeFiles/F103OLED.elf.dir/u8g2/u8g2_d_setup.c.obj
 .ARM.attributes
                0x000004fd       0x2d CMakeFiles/F103OLED.elf.dir/u8g2/u8g2_font.c.obj
 .ARM.attributes
                0x0000052a       0x2d CMakeFiles/F103OLED.elf.dir/u8g2/u8g2_fonts.c.obj
 .ARM.attributes
                0x00000557       0x2d CMakeFiles/F103OLED.elf.dir/u8g2/u8g2_hvline.c.obj
 .ARM.attributes
                0x00000584       0x2d CMakeFiles/F103OLED.elf.dir/u8g2/u8g2_intersection.c.obj
 .ARM.attributes
                0x000005b1       0x2d CMakeFiles/F103OLED.elf.dir/u8g2/u8g2_ll_hvline.c.obj
 .ARM.attributes
                0x000005de       0x2d CMakeFiles/F103OLED.elf.dir/u8g2/u8g2_setup.c.obj
 .ARM.attributes
                0x0000060b       0x2d CMakeFiles/F103OLED.elf.dir/u8g2/u8x8_8x8.c.obj
 .ARM.attributes
                0x00000638       0x2d CMakeFiles/F103OLED.elf.dir/u8g2/u8x8_byte.c.obj
 .ARM.attributes
                0x00000665       0x2d CMakeFiles/F103OLED.elf.dir/u8g2/u8x8_cad.c.obj
 .ARM.attributes
                0x00000692       0x2d CMakeFiles/F103OLED.elf.dir/u8g2/u8x8_d_ssd1306_128x64_noname.c.obj
 .ARM.attributes
                0x000006bf       0x2d CMakeFiles/F103OLED.elf.dir/u8g2/u8x8_display.c.obj
 .ARM.attributes
                0x000006ec       0x2d CMakeFiles/F103OLED.elf.dir/u8g2/u8x8_gpio.c.obj
 .ARM.attributes
                0x00000719       0x2d CMakeFiles/F103OLED.elf.dir/u8g2/u8x8_setup.c.obj
 .ARM.attributes
                0x00000746       0x2d d:/clion_stm32/gcc-arm-none-eabi-10.3-2021.10/bin/../lib/gcc/arm-none-eabi/10.3.1/../../../../arm-none-eabi/lib/thumb/v7-m/nofp\libg.a(lib_a-impure.o)
 .ARM.attributes
                0x00000773       0x2d d:/clion_stm32/gcc-arm-none-eabi-10.3-2021.10/bin/../lib/gcc/arm-none-eabi/10.3.1/../../../../arm-none-eabi/lib/thumb/v7-m/nofp\libg.a(lib_a-init.o)
 .ARM.attributes
                0x000007a0       0x1b d:/clion_stm32/gcc-arm-none-eabi-10.3-2021.10/bin/../lib/gcc/arm-none-eabi/10.3.1/../../../../arm-none-eabi/lib/thumb/v7-m/nofp\libg.a(lib_a-memcpy.o)
 .ARM.attributes
                0x000007bb       0x2d d:/clion_stm32/gcc-arm-none-eabi-10.3-2021.10/bin/../lib/gcc/arm-none-eabi/10.3.1/../../../../arm-none-eabi/lib/thumb/v7-m/nofp\libg.a(lib_a-memset.o)
 .ARM.attributes
                0x000007e8       0x2d d:/clion_stm32/gcc-arm-none-eabi-10.3-2021.10/bin/../lib/gcc/arm-none-eabi/10.3.1/../../../../arm-none-eabi/lib/thumb/v7-m/nofp\libg.a(lib_a-__call_atexit.o)
 .ARM.attributes
                0x00000815       0x2d d:/clion_stm32/gcc-arm-none-eabi-10.3-2021.10/bin/../lib/gcc/arm-none-eabi/10.3.1/../../../../arm-none-eabi/lib/thumb/v7-m/nofp\libg.a(lib_a-atexit.o)
 .ARM.attributes
                0x00000842       0x2d d:/clion_stm32/gcc-arm-none-eabi-10.3-2021.10/bin/../lib/gcc/arm-none-eabi/10.3.1/../../../../arm-none-eabi/lib/thumb/v7-m/nofp\libg.a(lib_a-fini.o)
 .ARM.attributes
                0x0000086f       0x2d d:/clion_stm32/gcc-arm-none-eabi-10.3-2021.10/bin/../lib/gcc/arm-none-eabi/10.3.1/../../../../arm-none-eabi/lib/thumb/v7-m/nofp\libg.a(lib_a-lock.o)
 .ARM.attributes
                0x0000089c       0x2d d:/clion_stm32/gcc-arm-none-eabi-10.3-2021.10/bin/../lib/gcc/arm-none-eabi/10.3.1/../../../../arm-none-eabi/lib/thumb/v7-m/nofp\libg.a(lib_a-__atexit.o)
 .ARM.attributes
                0x000008c9       0x1d d:/clion_stm32/gcc-arm-none-eabi-10.3-2021.10/bin/../lib/gcc/arm-none-eabi/10.3.1/thumb/v7-m/nofp/crtn.o
OUTPUT(F103OLED.elf elf32-littlearm)
LOAD linker stubs
LOAD d:/clion_stm32/gcc-arm-none-eabi-10.3-2021.10/bin/../lib/gcc/arm-none-eabi/10.3.1/../../../../arm-none-eabi/lib/thumb/v7-m/nofp\libc.a
LOAD d:/clion_stm32/gcc-arm-none-eabi-10.3-2021.10/bin/../lib/gcc/arm-none-eabi/10.3.1/../../../../arm-none-eabi/lib/thumb/v7-m/nofp\libm.a
LOAD d:/clion_stm32/gcc-arm-none-eabi-10.3-2021.10/bin/../lib/gcc/arm-none-eabi/10.3.1/thumb/v7-m/nofp\libgcc.a

.debug_info     0x00000000    0x41ace
 .debug_info    0x00000000     0x1314 CMakeFiles/F103OLED.elf.dir/Core/Src/freertos.c.obj
 .debug_info    0x00001314      0x34d CMakeFiles/F103OLED.elf.dir/Core/Src/gpio.c.obj
 .debug_info    0x00001661      0x910 CMakeFiles/F103OLED.elf.dir/Core/Src/main.c.obj
 .debug_info    0x00001f71      0x387 CMakeFiles/F103OLED.elf.dir/Core/Src/stm32f1xx_hal_msp.c.obj
 .debug_info    0x000022f8      0xa12 CMakeFiles/F103OLED.elf.dir/Core/Src/stm32f1xx_hal_timebase_tim.c.obj
 .debug_info    0x00002d0a      0x6ae CMakeFiles/F103OLED.elf.dir/Core/Src/stm32f1xx_it.c.obj
 .debug_info    0x000033b8      0x248 CMakeFiles/F103OLED.elf.dir/Core/Src/system_stm32f1xx.c.obj
 .debug_info    0x00003600      0x7a8 CMakeFiles/F103OLED.elf.dir/Drivers/STM32F1xx_HAL_Driver/Src/stm32f1xx_hal.c.obj
 .debug_info    0x00003da8      0xd8a CMakeFiles/F103OLED.elf.dir/Drivers/STM32F1xx_HAL_Driver/Src/stm32f1xx_hal_cortex.c.obj
 .debug_info    0x00004b32      0x66f CMakeFiles/F103OLED.elf.dir/Drivers/STM32F1xx_HAL_Driver/Src/stm32f1xx_hal_gpio.c.obj
 .debug_info    0x000051a1      0xa3b CMakeFiles/F103OLED.elf.dir/Drivers/STM32F1xx_HAL_Driver/Src/stm32f1xx_hal_rcc.c.obj
 .debug_info    0x00005bdc     0x3d52 CMakeFiles/F103OLED.elf.dir/Drivers/STM32F1xx_HAL_Driver/Src/stm32f1xx_hal_tim.c.obj
 .debug_info    0x0000992e     0x1abb CMakeFiles/F103OLED.elf.dir/Drivers/STM32F1xx_HAL_Driver/Src/stm32f1xx_hal_tim_ex.c.obj
 .debug_info    0x0000b3e9     0x4b1f CMakeFiles/F103OLED.elf.dir/Middlewares/Third_Party/FreeRTOS/Source/CMSIS_RTOS_V2/cmsis_os2.c.obj
 .debug_info    0x0000ff08      0x2da CMakeFiles/F103OLED.elf.dir/Middlewares/Third_Party/FreeRTOS/Source/list.c.obj
 .debug_info    0x000101e2      0x52b CMakeFiles/F103OLED.elf.dir/Middlewares/Third_Party/FreeRTOS/Source/portable/GCC/ARM_CM3/port.c.obj
 .debug_info    0x0001070d      0x471 CMakeFiles/F103OLED.elf.dir/Middlewares/Third_Party/FreeRTOS/Source/portable/MemMang/heap_4.c.obj
 .debug_info    0x00010b7e     0x2733 CMakeFiles/F103OLED.elf.dir/Middlewares/Third_Party/FreeRTOS/Source/queue.c.obj
 .debug_info    0x000132b1     0x301a CMakeFiles/F103OLED.elf.dir/Middlewares/Third_Party/FreeRTOS/Source/tasks.c.obj
 .debug_info    0x000162cb     0x1969 CMakeFiles/F103OLED.elf.dir/Middlewares/Third_Party/FreeRTOS/Source/timers.c.obj
 .debug_info    0x00017c34     0x1d5f CMakeFiles/F103OLED.elf.dir/OLED/oled.c.obj
 .debug_info    0x00019993       0x22 CMakeFiles/F103OLED.elf.dir/startup/startup_stm32f103xb.s.obj
 .debug_info    0x000199b5      0xefd CMakeFiles/F103OLED.elf.dir/u8g2/u8g2_bitmap.c.obj
 .debug_info    0x0001a8b2      0xe74 CMakeFiles/F103OLED.elf.dir/u8g2/u8g2_buffer.c.obj
 .debug_info    0x0001b726     0x180a CMakeFiles/F103OLED.elf.dir/u8g2/u8g2_circle.c.obj
 .debug_info    0x0001cf30       0xdf CMakeFiles/F103OLED.elf.dir/u8g2/u8g2_d_memory.c.obj
 .debug_info    0x0001d00f      0x943 CMakeFiles/F103OLED.elf.dir/u8g2/u8g2_d_setup.c.obj
 .debug_info    0x0001d952     0x2a41 CMakeFiles/F103OLED.elf.dir/u8g2/u8g2_font.c.obj
 .debug_info    0x00020393    0x17f9b CMakeFiles/F103OLED.elf.dir/u8g2/u8g2_fonts.c.obj
 .debug_info    0x0003832e      0xba5 CMakeFiles/F103OLED.elf.dir/u8g2/u8g2_hvline.c.obj
 .debug_info    0x00038ed3      0x937 CMakeFiles/F103OLED.elf.dir/u8g2/u8g2_intersection.c.obj
 .debug_info    0x0003980a      0x9f9 CMakeFiles/F103OLED.elf.dir/u8g2/u8g2_ll_hvline.c.obj
 .debug_info    0x0003a203     0x12cc CMakeFiles/F103OLED.elf.dir/u8g2/u8g2_setup.c.obj
 .debug_info    0x0003b4cf     0x1220 CMakeFiles/F103OLED.elf.dir/u8g2/u8x8_8x8.c.obj
 .debug_info    0x0003c6ef     0x18ad CMakeFiles/F103OLED.elf.dir/u8g2/u8x8_byte.c.obj
 .debug_info    0x0003df9c     0x1af6 CMakeFiles/F103OLED.elf.dir/u8g2/u8x8_cad.c.obj
 .debug_info    0x0003fa92      0xd69 CMakeFiles/F103OLED.elf.dir/u8g2/u8x8_d_ssd1306_128x64_noname.c.obj
 .debug_info    0x000407fb      0x9b1 CMakeFiles/F103OLED.elf.dir/u8g2/u8x8_display.c.obj
 .debug_info    0x000411ac      0x3d5 CMakeFiles/F103OLED.elf.dir/u8g2/u8x8_gpio.c.obj
 .debug_info    0x00041581      0x54d CMakeFiles/F103OLED.elf.dir/u8g2/u8x8_setup.c.obj

.debug_abbrev   0x00000000     0x5032
 .debug_abbrev  0x00000000      0x2a1 CMakeFiles/F103OLED.elf.dir/Core/Src/freertos.c.obj
 .debug_abbrev  0x000002a1      0x13c CMakeFiles/F103OLED.elf.dir/Core/Src/gpio.c.obj
 .debug_abbrev  0x000003dd      0x204 CMakeFiles/F103OLED.elf.dir/Core/Src/main.c.obj
 .debug_abbrev  0x000005e1      0x12d CMakeFiles/F103OLED.elf.dir/Core/Src/stm32f1xx_hal_msp.c.obj
 .debug_abbrev  0x0000070e      0x1ec CMakeFiles/F103OLED.elf.dir/Core/Src/stm32f1xx_hal_timebase_tim.c.obj
 .debug_abbrev  0x000008fa      0x179 CMakeFiles/F103OLED.elf.dir/Core/Src/stm32f1xx_it.c.obj
 .debug_abbrev  0x00000a73      0x13e CMakeFiles/F103OLED.elf.dir/Core/Src/system_stm32f1xx.c.obj
 .debug_abbrev  0x00000bb1      0x1f4 CMakeFiles/F103OLED.elf.dir/Drivers/STM32F1xx_HAL_Driver/Src/stm32f1xx_hal.c.obj
 .debug_abbrev  0x00000da5      0x341 CMakeFiles/F103OLED.elf.dir/Drivers/STM32F1xx_HAL_Driver/Src/stm32f1xx_hal_cortex.c.obj
 .debug_abbrev  0x000010e6      0x1e6 CMakeFiles/F103OLED.elf.dir/Drivers/STM32F1xx_HAL_Driver/Src/stm32f1xx_hal_gpio.c.obj
 .debug_abbrev  0x000012cc      0x27a CMakeFiles/F103OLED.elf.dir/Drivers/STM32F1xx_HAL_Driver/Src/stm32f1xx_hal_rcc.c.obj
 .debug_abbrev  0x00001546      0x245 CMakeFiles/F103OLED.elf.dir/Drivers/STM32F1xx_HAL_Driver/Src/stm32f1xx_hal_tim.c.obj
 .debug_abbrev  0x0000178b      0x248 CMakeFiles/F103OLED.elf.dir/Drivers/STM32F1xx_HAL_Driver/Src/stm32f1xx_hal_tim_ex.c.obj
 .debug_abbrev  0x000019d3      0x418 CMakeFiles/F103OLED.elf.dir/Middlewares/Third_Party/FreeRTOS/Source/CMSIS_RTOS_V2/cmsis_os2.c.obj
 .debug_abbrev  0x00001deb      0x106 CMakeFiles/F103OLED.elf.dir/Middlewares/Third_Party/FreeRTOS/Source/list.c.obj
 .debug_abbrev  0x00001ef1      0x27e CMakeFiles/F103OLED.elf.dir/Middlewares/Third_Party/FreeRTOS/Source/portable/GCC/ARM_CM3/port.c.obj
 .debug_abbrev  0x0000216f      0x238 CMakeFiles/F103OLED.elf.dir/Middlewares/Third_Party/FreeRTOS/Source/portable/MemMang/heap_4.c.obj
 .debug_abbrev  0x000023a7      0x38c CMakeFiles/F103OLED.elf.dir/Middlewares/Third_Party/FreeRTOS/Source/queue.c.obj
 .debug_abbrev  0x00002733      0x313 CMakeFiles/F103OLED.elf.dir/Middlewares/Third_Party/FreeRTOS/Source/tasks.c.obj
 .debug_abbrev  0x00002a46      0x303 CMakeFiles/F103OLED.elf.dir/Middlewares/Third_Party/FreeRTOS/Source/timers.c.obj
 .debug_abbrev  0x00002d49      0x2fe CMakeFiles/F103OLED.elf.dir/OLED/oled.c.obj
 .debug_abbrev  0x00003047       0x12 CMakeFiles/F103OLED.elf.dir/startup/startup_stm32f103xb.s.obj
 .debug_abbrev  0x00003059      0x183 CMakeFiles/F103OLED.elf.dir/u8g2/u8g2_bitmap.c.obj
 .debug_abbrev  0x000031dc      0x1da CMakeFiles/F103OLED.elf.dir/u8g2/u8g2_buffer.c.obj
 .debug_abbrev  0x000033b6      0x256 CMakeFiles/F103OLED.elf.dir/u8g2/u8g2_circle.c.obj
 .debug_abbrev  0x0000360c       0x95 CMakeFiles/F103OLED.elf.dir/u8g2/u8g2_d_memory.c.obj
 .debug_abbrev  0x000036a1      0x15b CMakeFiles/F103OLED.elf.dir/u8g2/u8g2_d_setup.c.obj
 .debug_abbrev  0x000037fc      0x2d6 CMakeFiles/F103OLED.elf.dir/u8g2/u8g2_font.c.obj
 .debug_abbrev  0x00003ad2       0xba CMakeFiles/F103OLED.elf.dir/u8g2/u8g2_fonts.c.obj
 .debug_abbrev  0x00003b8c      0x1a3 CMakeFiles/F103OLED.elf.dir/u8g2/u8g2_hvline.c.obj
 .debug_abbrev  0x00003d2f      0x166 CMakeFiles/F103OLED.elf.dir/u8g2/u8g2_intersection.c.obj
 .debug_abbrev  0x00003e95      0x163 CMakeFiles/F103OLED.elf.dir/u8g2/u8g2_ll_hvline.c.obj
 .debug_abbrev  0x00003ff8      0x2a2 CMakeFiles/F103OLED.elf.dir/u8g2/u8g2_setup.c.obj
 .debug_abbrev  0x0000429a      0x2a1 CMakeFiles/F103OLED.elf.dir/u8g2/u8x8_8x8.c.obj
 .debug_abbrev  0x0000453b      0x247 CMakeFiles/F103OLED.elf.dir/u8g2/u8x8_byte.c.obj
 .debug_abbrev  0x00004782      0x291 CMakeFiles/F103OLED.elf.dir/u8g2/u8x8_cad.c.obj
 .debug_abbrev  0x00004a13      0x1cb CMakeFiles/F103OLED.elf.dir/u8g2/u8x8_d_ssd1306_128x64_noname.c.obj
 .debug_abbrev  0x00004bde      0x1d7 CMakeFiles/F103OLED.elf.dir/u8g2/u8x8_display.c.obj
 .debug_abbrev  0x00004db5      0x100 CMakeFiles/F103OLED.elf.dir/u8g2/u8x8_gpio.c.obj
 .debug_abbrev  0x00004eb5      0x17d CMakeFiles/F103OLED.elf.dir/u8g2/u8x8_setup.c.obj

.debug_loc      0x00000000    0x1e5b6
 .debug_loc     0x00000000       0xf9 CMakeFiles/F103OLED.elf.dir/Core/Src/freertos.c.obj
 .debug_loc     0x000000f9       0x42 CMakeFiles/F103OLED.elf.dir/Core/Src/main.c.obj
 .debug_loc     0x0000013b       0x15 CMakeFiles/F103OLED.elf.dir/Core/Src/stm32f1xx_hal_msp.c.obj
 .debug_loc     0x00000150       0x89 CMakeFiles/F103OLED.elf.dir/Core/Src/stm32f1xx_hal_timebase_tim.c.obj
 .debug_loc     0x000001d9       0xff CMakeFiles/F103OLED.elf.dir/Core/Src/system_stm32f1xx.c.obj
 .debug_loc     0x000002d8      0x141 CMakeFiles/F103OLED.elf.dir/Drivers/STM32F1xx_HAL_Driver/Src/stm32f1xx_hal.c.obj
 .debug_loc     0x00000419      0x71f CMakeFiles/F103OLED.elf.dir/Drivers/STM32F1xx_HAL_Driver/Src/stm32f1xx_hal_cortex.c.obj
 .debug_loc     0x00000b38      0x47d CMakeFiles/F103OLED.elf.dir/Drivers/STM32F1xx_HAL_Driver/Src/stm32f1xx_hal_gpio.c.obj
 .debug_loc     0x00000fb5      0x618 CMakeFiles/F103OLED.elf.dir/Drivers/STM32F1xx_HAL_Driver/Src/stm32f1xx_hal_rcc.c.obj
 .debug_loc     0x000015cd     0x50fa CMakeFiles/F103OLED.elf.dir/Drivers/STM32F1xx_HAL_Driver/Src/stm32f1xx_hal_tim.c.obj
 .debug_loc     0x000066c7     0x1c93 CMakeFiles/F103OLED.elf.dir/Drivers/STM32F1xx_HAL_Driver/Src/stm32f1xx_hal_tim_ex.c.obj
 .debug_loc     0x0000835a     0x579d CMakeFiles/F103OLED.elf.dir/Middlewares/Third_Party/FreeRTOS/Source/CMSIS_RTOS_V2/cmsis_os2.c.obj
 .debug_loc     0x0000daf7       0xad CMakeFiles/F103OLED.elf.dir/Middlewares/Third_Party/FreeRTOS/Source/list.c.obj
 .debug_loc     0x0000dba4       0xe8 CMakeFiles/F103OLED.elf.dir/Middlewares/Third_Party/FreeRTOS/Source/portable/GCC/ARM_CM3/port.c.obj
 .debug_loc     0x0000dc8c      0x331 CMakeFiles/F103OLED.elf.dir/Middlewares/Third_Party/FreeRTOS/Source/portable/MemMang/heap_4.c.obj
 .debug_loc     0x0000dfbd     0x19de CMakeFiles/F103OLED.elf.dir/Middlewares/Third_Party/FreeRTOS/Source/queue.c.obj
 .debug_loc     0x0000f99b     0x24bc CMakeFiles/F103OLED.elf.dir/Middlewares/Third_Party/FreeRTOS/Source/tasks.c.obj
 .debug_loc     0x00011e57      0xf8e CMakeFiles/F103OLED.elf.dir/Middlewares/Third_Party/FreeRTOS/Source/timers.c.obj
 .debug_loc     0x00012de5      0xd52 CMakeFiles/F103OLED.elf.dir/OLED/oled.c.obj
 .debug_loc     0x00013b37      0x7aa CMakeFiles/F103OLED.elf.dir/u8g2/u8g2_bitmap.c.obj
 .debug_loc     0x000142e1      0x5d4 CMakeFiles/F103OLED.elf.dir/u8g2/u8g2_buffer.c.obj
 .debug_loc     0x000148b5     0x114a CMakeFiles/F103OLED.elf.dir/u8g2/u8g2_circle.c.obj
 .debug_loc     0x000159ff       0x25 CMakeFiles/F103OLED.elf.dir/u8g2/u8g2_d_memory.c.obj
 .debug_loc     0x00015a24       0xeb CMakeFiles/F103OLED.elf.dir/u8g2/u8g2_d_setup.c.obj
 .debug_loc     0x00015b0f     0x21f5 CMakeFiles/F103OLED.elf.dir/u8g2/u8g2_font.c.obj
 .debug_loc     0x00017d04      0x513 CMakeFiles/F103OLED.elf.dir/u8g2/u8g2_hvline.c.obj
 .debug_loc     0x00018217      0x147 CMakeFiles/F103OLED.elf.dir/u8g2/u8g2_intersection.c.obj
 .debug_loc     0x0001835e      0x470 CMakeFiles/F103OLED.elf.dir/u8g2/u8g2_ll_hvline.c.obj
 .debug_loc     0x000187ce      0xc5c CMakeFiles/F103OLED.elf.dir/u8g2/u8g2_setup.c.obj
 .debug_loc     0x0001942a     0x1297 CMakeFiles/F103OLED.elf.dir/u8g2/u8x8_8x8.c.obj
 .debug_loc     0x0001a6c1     0x12bd CMakeFiles/F103OLED.elf.dir/u8g2/u8x8_byte.c.obj
 .debug_loc     0x0001b97e     0x1dc7 CMakeFiles/F103OLED.elf.dir/u8g2/u8x8_cad.c.obj
 .debug_loc     0x0001d745      0x873 CMakeFiles/F103OLED.elf.dir/u8g2/u8x8_d_ssd1306_128x64_noname.c.obj
 .debug_loc     0x0001dfb8      0x366 CMakeFiles/F103OLED.elf.dir/u8g2/u8x8_display.c.obj
 .debug_loc     0x0001e31e       0x6f CMakeFiles/F103OLED.elf.dir/u8g2/u8x8_gpio.c.obj
 .debug_loc     0x0001e38d      0x229 CMakeFiles/F103OLED.elf.dir/u8g2/u8x8_setup.c.obj

.debug_aranges  0x00000000     0x19f0
 .debug_aranges
                0x00000000       0x40 CMakeFiles/F103OLED.elf.dir/Core/Src/freertos.c.obj
 .debug_aranges
                0x00000040       0x20 CMakeFiles/F103OLED.elf.dir/Core/Src/gpio.c.obj
 .debug_aranges
                0x00000060       0x38 CMakeFiles/F103OLED.elf.dir/Core/Src/main.c.obj
 .debug_aranges
                0x00000098       0x20 CMakeFiles/F103OLED.elf.dir/Core/Src/stm32f1xx_hal_msp.c.obj
 .debug_aranges
                0x000000b8       0x30 CMakeFiles/F103OLED.elf.dir/Core/Src/stm32f1xx_hal_timebase_tim.c.obj
 .debug_aranges
                0x000000e8       0x50 CMakeFiles/F103OLED.elf.dir/Core/Src/stm32f1xx_it.c.obj
 .debug_aranges
                0x00000138       0x28 CMakeFiles/F103OLED.elf.dir/Core/Src/system_stm32f1xx.c.obj
 .debug_aranges
                0x00000160       0xe0 CMakeFiles/F103OLED.elf.dir/Drivers/STM32F1xx_HAL_Driver/Src/stm32f1xx_hal.c.obj
 .debug_aranges
                0x00000240       0x90 CMakeFiles/F103OLED.elf.dir/Drivers/STM32F1xx_HAL_Driver/Src/stm32f1xx_hal_cortex.c.obj
 .debug_aranges
                0x000002d0       0x58 CMakeFiles/F103OLED.elf.dir/Drivers/STM32F1xx_HAL_Driver/Src/stm32f1xx_hal_gpio.c.obj
 .debug_aranges
                0x00000328       0x90 CMakeFiles/F103OLED.elf.dir/Drivers/STM32F1xx_HAL_Driver/Src/stm32f1xx_hal_rcc.c.obj
 .debug_aranges
                0x000003b8      0x3d0 CMakeFiles/F103OLED.elf.dir/Drivers/STM32F1xx_HAL_Driver/Src/stm32f1xx_hal_tim.c.obj
 .debug_aranges
                0x00000788      0x168 CMakeFiles/F103OLED.elf.dir/Drivers/STM32F1xx_HAL_Driver/Src/stm32f1xx_hal_tim_ex.c.obj
 .debug_aranges
                0x000008f0      0x228 CMakeFiles/F103OLED.elf.dir/Middlewares/Third_Party/FreeRTOS/Source/CMSIS_RTOS_V2/cmsis_os2.c.obj
 .debug_aranges
                0x00000b18       0x40 CMakeFiles/F103OLED.elf.dir/Middlewares/Third_Party/FreeRTOS/Source/list.c.obj
 .debug_aranges
                0x00000b58       0x78 CMakeFiles/F103OLED.elf.dir/Middlewares/Third_Party/FreeRTOS/Source/portable/GCC/ARM_CM3/port.c.obj
 .debug_aranges
                0x00000bd0       0x50 CMakeFiles/F103OLED.elf.dir/Middlewares/Third_Party/FreeRTOS/Source/portable/MemMang/heap_4.c.obj
 .debug_aranges
                0x00000c20      0x158 CMakeFiles/F103OLED.elf.dir/Middlewares/Third_Party/FreeRTOS/Source/queue.c.obj
 .debug_aranges
                0x00000d78      0x1f8 CMakeFiles/F103OLED.elf.dir/Middlewares/Third_Party/FreeRTOS/Source/tasks.c.obj
 .debug_aranges
                0x00000f70       0xe0 CMakeFiles/F103OLED.elf.dir/Middlewares/Third_Party/FreeRTOS/Source/timers.c.obj
 .debug_aranges
                0x00001050       0xf0 CMakeFiles/F103OLED.elf.dir/OLED/oled.c.obj
 .debug_aranges
                0x00001140       0x28 CMakeFiles/F103OLED.elf.dir/startup/startup_stm32f103xb.s.obj
 .debug_aranges
                0x00001168       0x50 CMakeFiles/F103OLED.elf.dir/u8g2/u8g2_bitmap.c.obj
 .debug_aranges
                0x000011b8       0x80 CMakeFiles/F103OLED.elf.dir/u8g2/u8g2_buffer.c.obj
 .debug_aranges
                0x00001238       0x78 CMakeFiles/F103OLED.elf.dir/u8g2/u8g2_circle.c.obj
 .debug_aranges
                0x000012b0       0x20 CMakeFiles/F103OLED.elf.dir/u8g2/u8g2_d_memory.c.obj
 .debug_aranges
                0x000012d0       0x20 CMakeFiles/F103OLED.elf.dir/u8g2/u8g2_d_setup.c.obj
 .debug_aranges
                0x000012f0      0x1d0 CMakeFiles/F103OLED.elf.dir/u8g2/u8g2_font.c.obj
 .debug_aranges
                0x000014c0       0x18 CMakeFiles/F103OLED.elf.dir/u8g2/u8g2_fonts.c.obj
 .debug_aranges
                0x000014d8       0x50 CMakeFiles/F103OLED.elf.dir/u8g2/u8g2_hvline.c.obj
 .debug_aranges
                0x00001528       0x28 CMakeFiles/F103OLED.elf.dir/u8g2/u8g2_intersection.c.obj
 .debug_aranges
                0x00001550       0x28 CMakeFiles/F103OLED.elf.dir/u8g2/u8g2_ll_hvline.c.obj
 .debug_aranges
                0x00001578       0xc8 CMakeFiles/F103OLED.elf.dir/u8g2/u8g2_setup.c.obj
 .debug_aranges
                0x00001640       0xc8 CMakeFiles/F103OLED.elf.dir/u8g2/u8x8_8x8.c.obj
 .debug_aranges
                0x00001708       0xe0 CMakeFiles/F103OLED.elf.dir/u8g2/u8x8_byte.c.obj
 .debug_aranges
                0x000017e8       0xd0 CMakeFiles/F103OLED.elf.dir/u8g2/u8x8_cad.c.obj
 .debug_aranges
                0x000018b8       0x58 CMakeFiles/F103OLED.elf.dir/u8g2/u8x8_d_ssd1306_128x64_noname.c.obj
 .debug_aranges
                0x00001910       0x88 CMakeFiles/F103OLED.elf.dir/u8g2/u8x8_display.c.obj
 .debug_aranges
                0x00001998       0x20 CMakeFiles/F103OLED.elf.dir/u8g2/u8x8_gpio.c.obj
 .debug_aranges
                0x000019b8       0x38 CMakeFiles/F103OLED.elf.dir/u8g2/u8x8_setup.c.obj

.debug_ranges   0x00000000     0x1a88
 .debug_ranges  0x00000000       0x90 CMakeFiles/F103OLED.elf.dir/Core/Src/freertos.c.obj
 .debug_ranges  0x00000090       0x10 CMakeFiles/F103OLED.elf.dir/Core/Src/gpio.c.obj
 .debug_ranges  0x000000a0       0x28 CMakeFiles/F103OLED.elf.dir/Core/Src/main.c.obj
 .debug_ranges  0x000000c8       0x10 CMakeFiles/F103OLED.elf.dir/Core/Src/stm32f1xx_hal_msp.c.obj
 .debug_ranges  0x000000d8       0x20 CMakeFiles/F103OLED.elf.dir/Core/Src/stm32f1xx_hal_timebase_tim.c.obj
 .debug_ranges  0x000000f8       0x40 CMakeFiles/F103OLED.elf.dir/Core/Src/stm32f1xx_it.c.obj
 .debug_ranges  0x00000138       0x18 CMakeFiles/F103OLED.elf.dir/Core/Src/system_stm32f1xx.c.obj
 .debug_ranges  0x00000150       0xd0 CMakeFiles/F103OLED.elf.dir/Drivers/STM32F1xx_HAL_Driver/Src/stm32f1xx_hal.c.obj
 .debug_ranges  0x00000220       0xe0 CMakeFiles/F103OLED.elf.dir/Drivers/STM32F1xx_HAL_Driver/Src/stm32f1xx_hal_cortex.c.obj
 .debug_ranges  0x00000300       0x48 CMakeFiles/F103OLED.elf.dir/Drivers/STM32F1xx_HAL_Driver/Src/stm32f1xx_hal_gpio.c.obj
 .debug_ranges  0x00000348       0xa0 CMakeFiles/F103OLED.elf.dir/Drivers/STM32F1xx_HAL_Driver/Src/stm32f1xx_hal_rcc.c.obj
 .debug_ranges  0x000003e8      0x3c0 CMakeFiles/F103OLED.elf.dir/Drivers/STM32F1xx_HAL_Driver/Src/stm32f1xx_hal_tim.c.obj